Archive member included because of file (symbol)

contiki-z1.a(rimeaddr.o)      obj_z1/contiki-z1-main.o (rimeaddr_copy)
contiki-z1.a(csma.o)          resource_directory.co (csma_driver)
contiki-z1.a(contikimac.o)    obj_z1/contiki-z1-main.o (contikimac_driver)
contiki-z1.a(phase.o)         contiki-z1.a(contikimac.o) (phase_init)
contiki-z1.a(rpl-dag.o)       resource_directory.co (rpl_repair_root)
contiki-z1.a(rpl-icmp6.o)     contiki-z1.a(rpl-dag.o) (dao_output)
contiki-z1.a(rpl-timers.o)    contiki-z1.a(rpl-dag.o) (rpl_schedule_dao)
contiki-z1.a(rpl-of-etx.o)    contiki-z1.a(rpl-dag.o) (rpl_of_etx)
contiki-z1.a(process.o)       resource_directory.co (process_current)
contiki-z1.a(autostart.o)     obj_z1/contiki-z1-main.o (autostart_start)
contiki-z1.a(memb.o)          obj_z1/httpd-simple.o (memb_alloc)
contiki-z1.a(timer.o)         obj_z1/httpd-simple.o (timer_expired)
contiki-z1.a(list.o)          contiki-z1.a(csma.o) (list_init)
contiki-z1.a(etimer.o)        resource_directory.co (etimer_expired)
contiki-z1.a(ctimer.o)        contiki-z1.a(csma.o) (ctimer_stop)
contiki-z1.a(energest.o)      obj_z1/contiki-z1-main.o (energest_init)
contiki-z1.a(rtimer.o)        contiki-z1.a(contikimac.o) (rtimer_set)
contiki-z1.a(stimer.o)        contiki-z1.a(rpl-icmp6.o) (stimer_set)
contiki-z1.a(random.o)        contiki-z1.a(csma.o) (random_rand)
contiki-z1.a(uip-debug.o)     resource_directory.co (uip_debug_ipaddr_print)
contiki-z1.a(packetbuf.o)     contiki-z1.a(contikimac.o) (packetbuf_hdr_remove)
contiki-z1.a(queuebuf.o)      contiki-z1.a(contikimac.o) (queuebuf_to_packetbuf)
contiki-z1.a(uip6.o)          contiki-z1.a(rpl-icmp6.o) (uip_ext_len)
contiki-z1.a(tcpip.o)         obj_z1/httpd-simple.o (tcp_attach)
contiki-z1.a(psock.o)         obj_z1/httpd-simple.o (psock_datalen)
contiki-z1.a(uip-icmp6.o)     contiki-z1.a(rpl-icmp6.o) (uip_icmp6_send)
contiki-z1.a(uip-nd6.o)       contiki-z1.a(uip6.o) (uip_nd6_na_input)
contiki-z1.a(sicslowpan.o)    obj_z1/contiki-z1-main.o (sicslowpan_driver)
contiki-z1.a(neighbor-info.o)
                              contiki-z1.a(sicslowpan.o) (neighbor_info_packet_received)
contiki-z1.a(uip-ds6.o)       contiki-z1.a(rpl-dag.o) (uip_ds6_defrt_rm)
contiki-z1.a(contiki-z1-plat)
                              obj_z1/contiki-z1-main.o (init_platform)
contiki-z1.a(msp430.o)        obj_z1/contiki-z1-main.o (splhigh_)
contiki-z1.a(leds.o)          obj_z1/contiki-z1-main.o (leds_off)
contiki-z1.a(watchdog.o)      contiki-z1.a(msp430.o) (watchdog_init)
contiki-z1.a(xmem.o)          obj_z1/contiki-z1-main.o (xmem_init)
contiki-z1.a(spi.o)           contiki-z1.a(xmem.o) (spi_init)
contiki-z1.a(cc2420.o)        obj_z1/contiki-z1-main.o (cc2420_set_pan_addr)
contiki-z1.a(cc2420-arch.o)   contiki-z1.a(cc2420.o) (cc2420_arch_init)
contiki-z1.a(node-id.o)       obj_z1/contiki-z1-main.o (node_mac)
contiki-z1.a(sensors.o)       resource_directory.co (sensors_event)
contiki-z1.a(button-sensor.o)
                              resource_directory.co (button_sensor)
contiki-z1.a(uart0.o)         obj_z1/contiki-z1-main.o (uart0_active)
contiki-z1.a(slip.o)          obj_z1/slip-bridge.o (slip_set_input_callback)
contiki-z1.a(slip_uart0.o)    obj_z1/slip-bridge.o (slip_arch_init)
contiki-z1.a(adxl345.o)       obj_z1/contiki-z1-main.o (accm_init)
contiki-z1.a(clock.o)         contiki-z1.a(timer.o) (clock_time)
contiki-z1.a(leds-arch.o)     contiki-z1.a(leds.o) (leds_arch_init)
contiki-z1.a(rtimer-arch.o)   contiki-z1.a(rtimer.o) (rtimer_arch_init)
contiki-z1.a(rimestats.o)     contiki-z1.a(cc2420.o) (rimestats)
contiki-z1.a(mac.o)           contiki-z1.a(csma.o) (mac_call_sent_callback)
contiki-z1.a(framer-802154.o)
                              contiki-z1.a(contikimac.o) (framer_802154)
contiki-z1.a(rpl.o)           contiki-z1.a(tcpip.o) (rpl_init)
contiki-z1.a(rpl-ext-header.)
                              contiki-z1.a(uip-icmp6.o) (rpl_invert_header)
contiki-z1.a(neighbor-attr.o)
                              contiki-z1.a(neighbor-info.o) (neighbor_attr_get_data)
contiki-z1.a(i2cmaster.o)     contiki-z1.a(adxl345.o) (i2c_receiveinit)
contiki-z1.a(frame802154.o)   contiki-z1.a(framer-802154.o) (frame802154_parse)
/opt/msp430-gcc-4.4.5/lib/gcc/msp430/4.4.5/msp3/libgcc.a(_mulsi3hw.o)
                              contiki-z1.a(csma.o) (__umulsi3hw)
/opt/msp430-gcc-4.4.5/lib/gcc/msp430/4.4.5/msp3/libgcc.a(_udivmodhi4.o)
                              contiki-z1.a(phase.o) (__udivmodhi4)
/opt/msp430-gcc-4.4.5/lib/gcc/msp430/4.4.5/msp3/libgcc.a(_udivmodsi4.o)
                              obj_z1/contiki-z1-main.o (__udivmodsi4)
/opt/msp430-gcc-4.4.5/lib/gcc/msp430/4.4.5/msp3/libgcc.a(_reset_vector__.o)
                              (_reset_vector__)
/opt/msp430-gcc-4.4.5/lib/gcc/msp430/4.4.5/msp3/libgcc.a(__init_stack.o)
                              /opt/msp430-gcc-4.4.5/lib/gcc/msp430/4.4.5/msp3/libgcc.a(_reset_vector__.o) (__init_stack)
/opt/msp430-gcc-4.4.5/lib/gcc/msp430/4.4.5/msp3/libgcc.a(_copy_data.o)
[...]
Memory Configuration

Name             Origin             Length             Attributes
text             0x00003100         0x0000cec0         xr
fartext          0x00010000         0x0000a000         xr
data             0x00001100         0x00002000         xrw
vectors          0x0000ffc0         0x00000040         rw
bootloader       0x00000c00         0x00000400         xr
infomem          0x00001000         0x00000100         xr
infomemnobits    0x00001000         0x00000100         xr
*default*        0x00000000         0xffffffff

Linker script and memory map

LOAD /opt/msp430-gcc-4.4.5/lib/gcc/msp430/4.4.5/../../../../msp430/lib/crt430x2617.o
                0x00000041                __P1SEL2 = 0x41
                0x00000045                __P5SEL2 = 0x45
LOAD resource_directory.co
LOAD obj_z1/slip-bridge.o
LOAD obj_z1/httpd-simple.o
LOAD obj_z1/contiki-z1-main.o
LOAD contiki-z1.a
LOAD /opt/msp430-gcc-4.4.5/lib/gcc/msp430/4.4.5/msp3/libgcc.a
LOAD /opt/msp430-gcc-4.4.5/lib/gcc/msp430/4.4.5/../../../../msp430/lib/msp3/libc.a
LOAD /opt/msp430-gcc-4.4.5/lib/gcc/msp430/4.4.5/msp3/libgcc.a

.hash
 *(.hash)

.dynsym
 *(.dynsym)

.dynstr
 *(.dynstr)

.gnu.version
 *(.gnu.version)

.gnu.version_d
 *(.gnu.version_d)

.gnu.version_r
 *(.gnu.version_r)

.rel.init
 *(.rel.init)

.rela.init
 *(.rela.init)

.rel.text
 *(.rel.text)
 *(.rel.text.*)
 *(.rel.gnu.linkonce.t*)

.rela.text
 *(.rela.text)
 *(.rela.text.*)
 *(.rela.gnu.linkonce.t*)

.rel.fini
 *(.rel.fini)

.rela.fini
 *(.rela.fini)

.rel.rodata
 *(.rel.rodata)
 *(.rel.rodata.*)
 *(.rel.gnu.linkonce.r*)

.rela.rodata
 *(.rela.rodata)
 *(.rela.rodata.*)
 *(.rela.gnu.linkonce.r*)

.rel.data
 *(.rel.data)
 *(.rel.data.*)
 *(.rel.gnu.linkonce.d*)

.rela.data
 *(.rela.data)
 *(.rela.data.*)
 *(.rela.gnu.linkonce.d*)

.rel.ctors
 *(.rel.ctors)

.rela.ctors
 *(.rela.ctors)

.rel.dtors
 *(.rel.dtors)

.rela.dtors
 *(.rela.dtors)

.rel.got
 *(.rel.got)

.rela.got
 *(.rela.got)

.rel.bss
 *(.rel.bss)

.rela.bss
 *(.rela.bss)

.rel.plt
 *(.rel.plt)

.rela.plt
 *(.rela.plt)

.text           0x00003100     0xbdaa
                0x00003100                . = ALIGN (0x2)
 *(.init)
 *(.init)
 *(.init0)
 .init0         0x00003100        0x0 /opt/msp430-gcc-4.4.5/lib/gcc/msp430/4.4.5/msp3/libgcc.a(_reset_vector__.o)
                0x00003100                _reset_vector__
 *(.init0)
 *(.init1)
 *(.init1)
 *(.init2)
 .init2         0x00003100        0x4 /opt/msp430-gcc-4.4.5/lib/gcc/msp430/4.4.5/msp3/libgcc.a(__init_stack.o)
                0x00003100                __init_stack
 *(.init2)
 *(.init3)
 .init3         0x00003104        0x6 /opt/msp430-gcc-4.4.5/lib/gcc/msp430/4.4.5/../../../../msp430/lib/crt430x2617.o
                0x00003104                __low_level_init
 *(.init3)
 *(.init4)
 .init4         0x0000310a       0x12 /opt/msp430-gcc-4.4.5/lib/gcc/msp430/4.4.5/msp3/libgcc.a(_copy_data.o)
                0x0000310a                __do_copy_data
 .init4         0x0000311c       0x10 /opt/msp430-gcc-4.4.5/lib/gcc/msp430/4.4.5/msp3/libgcc.a(_clear_bss.o)
                0x0000311c                __do_clear_bss
 *(.init4)
 *(.init5)
 *(.init5)
 *(.init6)
 *(.init6)
 *(.init7)
 *(.init7)
 *(.init8)
 *(.init8)
 *(.init9)
 .init9         0x0000312c        0x4 /opt/msp430-gcc-4.4.5/lib/gcc/msp430/4.4.5/msp3/libgcc.a(__jump_to_main.o)
                0x0000312c                __jump_to_main
 *(.init9)
                0x00003130                __ctors_start = .
 *(.ctors)
 *(.ctors)
                0x00003130                __ctors_end = .
                0x00003130                __dtors_start = .
 *(.dtors)
 *(.dtors)
                0x00003130                __dtors_end = .
                0x00003130                . = ALIGN (0x2)
 *(.text)
 .text          0x00003130        0x4 /opt/msp430-gcc-4.4.5/lib/gcc/msp430/4.4.5/../../../../msp430/lib/crt430x2617.o
                0x00003130                vector_ffc0
                0x00003130                vector_ffc8
                0x00003130                vector_ffcc
                0x00003130                vector_ffc4
                0x00003130                vector_ffec
                0x00003130                vector_ffce
                0x00003130                vector_fffc
                0x00003130                vector_ffd6
                0x00003130                vector_ffc2
                0x00003130                vector_ffd4
                0x00003130                vector_ffc6
                0x00003130                vector_ffd2
                0x00003130                vector_ffca
                0x00003130                vector_ffde
                0x00003130                vector_ffe8
                0x00003130                vector_fffa
                0x00003130                vector_fff8
                0x00003130                vector_ffd8
                0x00003130                vector_ffd0
                0x00003130                vector_ffdc
                0x00003130                vector_fff6
                0x00003130                vector_ffda
                0x00003130                vector_ffea
 .text          0x00003134       0x8c resource_directory.co
                0x00003182                autostart_processes
 .text          0x000031c0       0xa6 obj_z1/slip-bridge.o
                0x00003262                rpl_interface
 .text          0x00003266      0x142 obj_z1/httpd-simple.o
                0x00003266                http_content_type_json
                0x00003289                http_header_200
                0x000032df                http_header_404
                0x0000333c                http_get
                0x00003341                http_index_html
 .text          0x000033a8      0x10b obj_z1/contiki-z1-main.o
 *fill*         0x000034b3        0x1 00
 .text          0x000034b4        0x8 contiki-z1.a(rimeaddr.o)
                0x000034b4                rimeaddr_null
 .text          0x000034bc       0x14 contiki-z1.a(csma.o)
                0x000034c2                csma_driver
 .text          0x000034d0       0x46 contiki-z1.a(contikimac.o)
                0x00003506                contikimac_driver
 .text          0x00003516      0x1fc contiki-z1.a(rpl-timers.o)
 .text          0x00003712        0xc contiki-z1.a(etimer.o)
 .text          0x0000371e        0xf contiki-z1.a(ctimer.o)
 .text          0x0000372d        0xb contiki-z1.a(uip-debug.o)
 .text          0x00003738        0x2 contiki-z1.a(packetbuf.o)
 .text          0x0000373a       0x10 contiki-z1.a(uip6.o)
 .text          0x0000374a        0xd contiki-z1.a(tcpip.o)
 *fill*         0x00003757        0x1 00
 .text          0x00003758       0x24 contiki-z1.a(sicslowpan.o)
                0x00003758                unc_llconf
                0x0000375c                unc_ctxconf
                0x00003760                unc_mxconf
                0x00003764                llprefix
                0x00003772                sicslowpan_driver
 .text          0x0000377c       0x22 contiki-z1.a(cc2420.o)
                0x0000378a                cc2420_driver
 .text          0x0000379e        0x8 contiki-z1.a(sensors.o)
 .text          0x000037a6       0x10 contiki-z1.a(button-sensor.o)
                0x000037ae                button_sensor
 .text          0x000037b6       0x21 contiki-z1.a(slip.o)
 .text          0x000037d7       0x16 contiki-z1.a(adxl345.o)
 *fill*         0x000037ed        0x1 00
 .text          0x000037ee        0x4 contiki-z1.a(framer-802154.o)
                0x000037ee                framer_802154
 .text          0x000037f2        0x2 contiki-z1.a(frame802154.o)
 .text          0x000037f4       0x58 /opt/msp430-gcc-4.4.5/lib/gcc/msp430/4.4.5/../../../../msp430/lib/msp3/libc.a(strncmp.o)
                0x000037f4                strncmp
 .text          0x0000384c       0x60 /opt/msp430-gcc-4.4.5/lib/gcc/msp430/4.4.5/../../../../msp430/lib/msp3/libc.a(memcmp.o)
                0x0000384c                memcmp
 .text          0x000038ac       0x24 /opt/msp430-gcc-4.4.5/lib/gcc/msp430/4.4.5/../../../../msp430/lib/msp3/libc.a(strcpy.o)
                0x000038ac                strcpy
 .text          0x000038d0       0x54 /opt/msp430-gcc-4.4.5/lib/gcc/msp430/4.4.5/../../../../msp430/lib/msp3/libc.a(strncpy.o)
                0x000038d0                strncpy
 .text          0x00003924      0x10a /opt/msp430-gcc-4.4.5/lib/gcc/msp430/4.4.5/../../../../msp430/lib/msp3/libc.a(memcpy.o)
                0x00003924                memcpy
 .text          0x00003a2e      0x10a /opt/msp430-gcc-4.4.5/lib/gcc/msp430/4.4.5/../../../../msp430/lib/msp3/libc.a(memmove.o)
                0x00003a2e                memmove
 .text          0x00003b38       0x90 /opt/msp430-gcc-4.4.5/lib/gcc/msp430/4.4.5/../../../../msp430/lib/msp3/libc.a(memset.o)
                0x00003b38                memset
 .text          0x00003bc8       0x30 /opt/msp430-gcc-4.4.5/lib/gcc/msp430/4.4.5/../../../../msp430/lib/msp3/libc.a(sprintf.o)
                0x00003bc8                sprintf
 .text          0x00003bf8       0x66 /opt/msp430-gcc-4.4.5/lib/gcc/msp430/4.4.5/../../../../msp430/lib/msp3/libc.a(vsprintf.o)
                0x00003c1c                vsprintf
 .text          0x00003c5e       0x2e /opt/msp430-gcc-4.4.5/lib/gcc/msp430/4.4.5/../../../../msp430/lib/msp3/libc.a(printf.o)
                0x00003c5e                printf
 .text          0x00003c8c      0x74c /opt/msp430-gcc-4.4.5/lib/gcc/msp430/4.4.5/../../../../msp430/lib/msp3/libc.a(vuprintf.o)
                0x00003d10                vuprintf
 .text          0x000043d8       0x4a /opt/msp430-gcc-4.4.5/lib/gcc/msp430/4.4.5/../../../../msp430/lib/msp3/libc.a(puts.o)
                0x000043d8                puts
 .text          0x00004422      0x128 /opt/msp430-gcc-4.4.5/lib/gcc/msp430/4.4.5/../../../../msp430/lib/msp3/libc.a(rand.o)
                0x000044e2                rand_r
                0x0000451e                rand
                0x0000452e                srand
 .text          0x0000454a        0x2 /opt/msp430-gcc-4.4.5/lib/gcc/msp430/4.4.5/../../../../msp430/lib/msp3/libc.a(_unexpected_.o)
                0x0000454a                _unexpected_
 .text          0x0000454c       0x3a /opt/msp430-gcc-4.4.5/lib/gcc/msp430/4.4.5/../../../../msp430/lib/msp3/libc.a(memchr.o)
                0x0000454c                memchr
 .text          0x00004586       0x2a /opt/msp430-gcc-4.4.5/lib/gcc/msp430/4.4.5/../../../../msp430/lib/msp3/libc.a(strlen.o)
                0x00004586                strlen
                0x000045b0                . = ALIGN (0x2)
 *(.text.*)
 .text.httpd_simple_get_script
                0x000045b0        0x6 resource_directory.co
                0x000045b0                httpd_simple_get_script
 .text.process_thread_webserver_nogui_process
                0x000045b6       0x3c resource_directory.co
 .text.set_prefix_64
                0x000045f2       0x48 resource_directory.co
                0x000045f2                set_prefix_64
 .text.request_prefix
                0x0000463a       0x1e resource_directory.co
                0x0000463a                request_prefix
 .text.process_thread_border_router_process
                0x00004658      0x12e resource_directory.co
 .text.generate_routes
                0x00004786       0xb0 resource_directory.co
 .text.output   0x00004836       0x46 obj_z1/slip-bridge.o
 .text.init     0x0000487c       0x1e obj_z1/slip-bridge.o
 .text.slip_input_callback
                0x0000489a       0xe0 obj_z1/slip-bridge.o
 .text.putchar  0x0000497a       0x3c obj_z1/slip-bridge.o
                0x0000497a                putchar
 .text.httpd_init
                0x000049b6       0x12 obj_z1/httpd-simple.o
                0x000049b6                httpd_init
 .text.send_headers
                0x000049c8       0x66 obj_z1/httpd-simple.o
 .text.handle_connection
                0x00004a2e      0x1a8 obj_z1/httpd-simple.o
 .text.httpd_appcall
                0x00004bd6       0xd0 obj_z1/httpd-simple.o
                0x00004bd6                httpd_appcall
 .text.main     0x00004ca6      0x378 obj_z1/contiki-z1-main.o
                0x00004ca6                main
 .text.rimeaddr_copy
                0x0000501e       0x1a contiki-z1.a(rimeaddr.o)
                0x0000501e                rimeaddr_copy
 .text.rimeaddr_cmp
                0x00005038       0x22 contiki-z1.a(rimeaddr.o)
                0x00005038                rimeaddr_cmp
 .text.rimeaddr_set_node_addr
                0x0000505a       0x12 contiki-z1.a(rimeaddr.o)
                0x0000505a                rimeaddr_set_node_addr
 .text.input_packet
                0x0000506c        0x6 contiki-z1.a(csma.o)
 .text.on       0x00005072        0x6 contiki-z1.a(csma.o)
 .text.off      0x00005078        0x6 contiki-z1.a(csma.o)
 .text.channel_check_interval
                0x0000507e        0xc contiki-z1.a(csma.o)
 .text.transmit_packet_list
                0x0000508a       0x24 contiki-z1.a(csma.o)
 .text.send_packet
                0x000050ae      0x174 contiki-z1.a(csma.o)
 .text.free_first_packet
                0x00005222       0xa0 contiki-z1.a(csma.o)
 .text.packet_sent
                0x000052c2      0x110 contiki-z1.a(csma.o)
 .text.init     0x000053d2       0x1a contiki-z1.a(csma.o)
 .text.on       0x000053ec       0x16 contiki-z1.a(contikimac.o)
 .text.off      0x00005402       0x1e contiki-z1.a(contikimac.o)
 .text.recv_burst_off
                0x00005420        0xa contiki-z1.a(contikimac.o)
 .text.turn_off
                0x0000542a       0x20 contiki-z1.a(contikimac.o)
 .text.duty_cycle
                0x0000544a        0x6 contiki-z1.a(contikimac.o)
 .text.turn_on  0x00005450       0x30 contiki-z1.a(contikimac.o)
 .text.schedule_powercycle_fixed
                0x00005480       0x4c contiki-z1.a(contikimac.o)
 .text.powercycle
                0x000054cc      0x1fa contiki-z1.a(contikimac.o)
 .text.input_packet
                0x000056c6       0xf0 contiki-z1.a(contikimac.o)
 .text.send_packet
                0x000057b6      0x29a contiki-z1.a(contikimac.o)
 .text.qsend_list
                0x00005a50       0x88 contiki-z1.a(contikimac.o)
 .text.qsend_packet
                0x00005ad8       0x26 contiki-z1.a(contikimac.o)
 .text.init     0x00005afe       0x38 contiki-z1.a(contikimac.o)
 .text.phase_init
                0x00005b36       0x20 contiki-z1.a(phase.o)
                0x00005b36                phase_init
 .text.send_packet
                0x00005b56       0x44 contiki-z1.a(phase.o)
 .text.find_neighbor
                0x00005b9a       0x32 contiki-z1.a(phase.o)
                0x00005b9a                find_neighbor
 .text.phase_wait
                0x00005bcc      0x10e contiki-z1.a(phase.o)
                0x00005bcc                phase_wait
 .text.phase_update
                0x00005cda       0xbc contiki-z1.a(phase.o)
                0x00005cda                phase_update
 .text.rpl_get_any_dag
                0x00005d96       0x14 contiki-z1.a(rpl-dag.o)
                0x00005d96                rpl_get_any_dag
 .text.rpl_get_instance
                0x00005daa       0x16 contiki-z1.a(rpl-dag.o)
                0x00005daa                rpl_get_instance
 .text.rpl_repair_root
                0x00005dc0       0x30 contiki-z1.a(rpl-dag.o)
                0x00005dc0                rpl_repair_root
 .text.get_dag  0x00005df0       0x50 contiki-z1.a(rpl-dag.o)
 .text.find_parent_dag
                0x00005e40       0x5a contiki-z1.a(rpl-dag.o)
 .text.rpl_select_parent
                0x00005e9a       0x44 contiki-z1.a(rpl-dag.o)
                0x00005e9a                rpl_select_parent
 .text.rpl_find_parent_any_dag
                0x00005ede       0x5a contiki-z1.a(rpl-dag.o)
                0x00005ede                rpl_find_parent_any_dag
 .text.rpl_find_parent
                0x00005f38       0x34 contiki-z1.a(rpl-dag.o)
                0x00005f38                rpl_find_parent
 .text.rpl_alloc_instance
                0x00005f6c       0x2c contiki-z1.a(rpl-dag.o)
                0x00005f6c                rpl_alloc_instance
 .text.set_ip_from_prefix
                0x00005f98       0x3a contiki-z1.a(rpl-dag.o)
 .text.check_prefix
                0x00005fd2       0x7c contiki-z1.a(rpl-dag.o)
 .text.rpl_set_prefix
                0x0000604e       0x62 contiki-z1.a(rpl-dag.o)
                0x0000604e                rpl_set_prefix
 .text.rpl_move_parent
                0x000060b0       0x72 contiki-z1.a(rpl-dag.o)
                0x000060b0                rpl_move_parent
 .text.rpl_nullify_parent
                0x00006122       0x48 contiki-z1.a(rpl-dag.o)
                0x00006122                rpl_nullify_parent
 .text.rpl_local_repair
                0x0000616a       0x6c contiki-z1.a(rpl-dag.o)
                0x0000616a                rpl_local_repair
 .text.rpl_remove_parent
                0x000061d6       0x26 contiki-z1.a(rpl-dag.o)
                0x000061d6                rpl_remove_parent
 .text.rpl_add_parent
                0x000061fc       0x76 contiki-z1.a(rpl-dag.o)
                0x000061fc                rpl_add_parent
 .text.rpl_set_default_route
                0x00006272       0x62 contiki-z1.a(rpl-dag.o)
                0x00006272                rpl_set_default_route
 .text.rpl_select_dag
                0x000062d4      0x1a6 contiki-z1.a(rpl-dag.o)
                0x000062d4                rpl_select_dag
 .text.rpl_process_parent_event
                0x0000647a       0x96 contiki-z1.a(rpl-dag.o)
                0x0000647a                rpl_process_parent_event
 .text.rpl_recalculate_ranks
                0x00006510       0x46 contiki-z1.a(rpl-dag.o)
                0x00006510                rpl_recalculate_ranks
 .text.T.46     0x00006556       0x26 contiki-z1.a(rpl-dag.o)
 .text.rpl_free_dag
                0x0000657c       0x36 contiki-z1.a(rpl-dag.o)
                0x0000657c                rpl_free_dag
 .text.rpl_free_instance
                0x000065b2       0x58 contiki-z1.a(rpl-dag.o)
                0x000065b2                rpl_free_instance
 .text.rpl_alloc_dag
                0x0000660a       0x74 contiki-z1.a(rpl-dag.o)
                0x0000660a                rpl_alloc_dag
 .text.rpl_add_dag
                0x0000667e      0x114 contiki-z1.a(rpl-dag.o)
                0x0000667e                rpl_add_dag
 .text.rpl_join_instance
                0x00006792      0x138 contiki-z1.a(rpl-dag.o)
                0x00006792                rpl_join_instance
 .text.rpl_process_dio
                0x000068ca      0x2bc contiki-z1.a(rpl-dag.o)
                0x000068ca                rpl_process_dio
 .text.rpl_set_root
                0x00006b86       0xde contiki-z1.a(rpl-dag.o)
                0x00006b86                rpl_set_root
 .text.dao_ack_output
                0x00006c64       0x32 contiki-z1.a(rpl-icmp6.o)
                0x00006c64                dao_ack_output
 .text.dao_output
                0x00006c96       0xf6 contiki-z1.a(rpl-icmp6.o)
                0x00006c96                dao_output
 .text.dio_output
                0x00006d8c      0x2f4 contiki-z1.a(rpl-icmp6.o)
                0x00006d8c                dio_output
 .text.uip_rpl_input
                0x00007080      0x5e2 contiki-z1.a(rpl-icmp6.o)
                0x00007080                uip_rpl_input
 .text.dis_output
                0x00007662       0x50 contiki-z1.a(rpl-icmp6.o)
                0x00007662                dis_output
 .text.rpl_schedule_dao
                0x000076b2       0x66 contiki-z1.a(rpl-timers.o)
                0x000076b2                rpl_schedule_dao
 .text.new_dio_interval
                0x00007718       0xce contiki-z1.a(rpl-timers.o)
 .text.rpl_reset_dio_timer
                0x000077e6       0x18 contiki-z1.a(rpl-timers.o)
                0x000077e6                rpl_reset_dio_timer
 .text.rpl_reset_periodic_timer
                0x000077fe       0x1e contiki-z1.a(rpl-timers.o)
                0x000077fe                rpl_reset_periodic_timer
 .text.handle_dao_timer
                0x0000781c       0x70 contiki-z1.a(rpl-timers.o)
 .text.handle_dio_timer
                0x0000788c       0xf8 contiki-z1.a(rpl-timers.o)
 .text.handle_periodic_timer
                0x00007984       0x2e contiki-z1.a(rpl-timers.o)
 .text.reset    0x000079b2        0x2 contiki-z1.a(rpl-of-etx.o)
 .text.parent_state_callback
                0x000079b4        0x2 contiki-z1.a(rpl-of-etx.o)
 .text.calculate_rank
                0x000079b6       0x54 contiki-z1.a(rpl-of-etx.o)
 .text.best_dag
                0x00007a0a       0x2e contiki-z1.a(rpl-of-etx.o)
 .text.best_parent
                0x00007a38       0x9e contiki-z1.a(rpl-of-etx.o)
 .text.update_metric_container
                0x00007ad6       0x6c contiki-z1.a(rpl-of-etx.o)
 .text.process_alloc_event
                0x00007b42        0xe contiki-z1.a(process.o)
                0x00007b42                process_alloc_event
 .text.call_process
                0x00007b50       0x4c contiki-z1.a(process.o)
 .text.exit_process
                0x00007b9c       0x96 contiki-z1.a(process.o)
 .text.process_init
                0x00007c32       0x1c contiki-z1.a(process.o)
                0x00007c32                process_init
 .text.process_run
                0x00007c4e       0xf0 contiki-z1.a(process.o)
                0x00007c4e                process_run
 .text.process_nevents
                0x00007d3e        0xe contiki-z1.a(process.o)
                0x00007d3e                process_nevents
 .text.process_post
                0x00007d4c       0x56 contiki-z1.a(process.o)
                0x00007d4c                process_post
 .text.process_post_synch
                0x00007da2       0x12 contiki-z1.a(process.o)
                0x00007da2                process_post_synch
 .text.process_start
                0x00007db4       0x2e contiki-z1.a(process.o)
                0x00007db4                process_start
 .text.process_poll
                0x00007de2       0x1a contiki-z1.a(process.o)
                0x00007de2                process_poll
 .text.autostart_start
                0x00007dfc       0x16 contiki-z1.a(autostart.o)
                0x00007dfc                autostart_start
 .text.memb_alloc
                0x00007e12       0x3e contiki-z1.a(memb.o)
                0x00007e12                memb_alloc
 .text.memb_free
                0x00007e50       0x3a contiki-z1.a(memb.o)
                0x00007e50                memb_free
 .text.memb_inmemb
                0x00007e8a       0x30 contiki-z1.a(memb.o)
                0x00007e8a                memb_inmemb
 .text.memb_init
                0x00007eba       0x36 contiki-z1.a(memb.o)
                0x00007eba                memb_init
 .text.timer_reset
                0x00007ef0        0xe contiki-z1.a(timer.o)
                0x00007ef0                timer_reset
 .text.timer_expired
                0x00007efe       0x32 contiki-z1.a(timer.o)
                0x00007efe                timer_expired
 .text.timer_restart
                0x00007f30       0x14 contiki-z1.a(timer.o)
                0x00007f30                timer_restart
 .text.timer_set
                0x00007f44       0x1c contiki-z1.a(timer.o)
                0x00007f44                timer_set
 .text.list_init
                0x00007f60        0x6 contiki-z1.a(list.o)
                0x00007f60                list_init
 .text.list_head
                0x00007f66        0x4 contiki-z1.a(list.o)
                0x00007f66                list_head
 .text.list_add
                0x00007f6a       0x54 contiki-z1.a(list.o)
                0x00007f6a                list_add
 .text.list_push
                0x00007fbe       0x36 contiki-z1.a(list.o)
                0x00007fbe                list_push
 .text.list_chop
                0x00007ff4       0x28 contiki-z1.a(list.o)
                0x00007ff4                list_chop
 .text.list_pop
                0x0000801c        0xe contiki-z1.a(list.o)
                0x0000801c                list_pop
 .text.list_remove
                0x0000802a       0x2e contiki-z1.a(list.o)
                0x0000802a                list_remove
 .text.list_length
                0x00008058       0x10 contiki-z1.a(list.o)
                0x00008058                list_length
 .text.list_item_next
                0x00008068        0x8 contiki-z1.a(list.o)
                0x00008068                list_item_next
 .text.etimer_expired
                0x00008070        0xe contiki-z1.a(etimer.o)
                0x00008070                etimer_expired
 .text.etimer_expiration_time
                0x0000807e       0x12 contiki-z1.a(etimer.o)
                0x0000807e                etimer_expiration_time
 .text.etimer_pending
                0x00008090        0xc contiki-z1.a(etimer.o)
                0x00008090                etimer_pending
 .text.etimer_next_expiration_time
                0x0000809c       0x16 contiki-z1.a(etimer.o)
                0x0000809c                etimer_next_expiration_time
 .text.update_time
                0x000080b2       0x7e contiki-z1.a(etimer.o)
 .text.etimer_stop
                0x00008130       0x3c contiki-z1.a(etimer.o)
                0x00008130                etimer_stop
 .text.etimer_request_poll
                0x0000816c        0xa contiki-z1.a(etimer.o)
                0x0000816c                etimer_request_poll
 .text.process_thread_etimer_process
                0x00008176       0xd0 contiki-z1.a(etimer.o)
 .text.add_timer
                0x00008246       0x38 contiki-z1.a(etimer.o)
 .text.etimer_restart
                0x0000827e       0x12 contiki-z1.a(etimer.o)
                0x0000827e                etimer_restart
 .text.etimer_reset
                0x00008290       0x12 contiki-z1.a(etimer.o)
                0x00008290                etimer_reset
 .text.etimer_set
                0x000082a2       0x12 contiki-z1.a(etimer.o)
                0x000082a2                etimer_set
 .text.process_thread_ctimer_process
                0x000082b4       0xa4 contiki-z1.a(ctimer.o)
 .text.ctimer_stop
                0x00008358       0x28 contiki-z1.a(ctimer.o)
                0x00008358                ctimer_stop
 .text.ctimer_set
                0x00008380       0x54 contiki-z1.a(ctimer.o)
                0x00008380                ctimer_set
 .text.ctimer_reset
                0x000083d4       0x3a contiki-z1.a(ctimer.o)
                0x000083d4                ctimer_reset
 .text.ctimer_init
                0x0000840e       0x18 contiki-z1.a(ctimer.o)
                0x0000840e                ctimer_init
 .text.energest_init
                0x00008426       0x2a contiki-z1.a(energest.o)
                0x00008426                energest_init
 .text.energest_type_set
                0x00008450        0xe contiki-z1.a(energest.o)
                0x00008450                energest_type_set
 .text.energest_flush
                0x0000845e       0x44 contiki-z1.a(energest.o)
                0x0000845e                energest_flush
 .text.energest_type_time
                0x000084a2       0x44 contiki-z1.a(energest.o)
                0x000084a2                energest_type_time
 .text.rtimer_run_next
                0x000084e6       0x26 contiki-z1.a(rtimer.o)
                0x000084e6                rtimer_run_next
 .text.rtimer_set
                0x0000850c       0x24 contiki-z1.a(rtimer.o)
                0x0000850c                rtimer_set
 .text.rtimer_init
                0x00008530        0x6 contiki-z1.a(rtimer.o)
                0x00008530                rtimer_init
 .text.stimer_expired
                0x00008536       0x3c contiki-z1.a(stimer.o)
                0x00008536                stimer_expired
 .text.stimer_set
                0x00008572       0x1c contiki-z1.a(stimer.o)
                0x00008572                stimer_set
 .text.random_rand
                0x0000858e        0x6 contiki-z1.a(random.o)
                0x0000858e                random_rand
 .text.uip_debug_ipaddr_print
                0x00008594       0x72 contiki-z1.a(uip-debug.o)
                0x00008594                uip_debug_ipaddr_print
 .text.packetbuf_hdralloc
                0x00008606       0x2c contiki-z1.a(packetbuf.o)
                0x00008606                packetbuf_hdralloc
 .text.packetbuf_hdr_remove
                0x00008632        0x6 contiki-z1.a(packetbuf.o)
                0x00008632                packetbuf_hdr_remove
 .text.packetbuf_hdrreduce
                0x00008638       0x1a contiki-z1.a(packetbuf.o)
                0x00008638                packetbuf_hdrreduce
 .text.packetbuf_set_datalen
                0x00008652        0x6 contiki-z1.a(packetbuf.o)
                0x00008652                packetbuf_set_datalen
 .text.packetbuf_dataptr
                0x00008658        0xe contiki-z1.a(packetbuf.o)
                0x00008658                packetbuf_dataptr
 .text.packetbuf_hdrptr
                0x00008666        0xa contiki-z1.a(packetbuf.o)
                0x00008666                packetbuf_hdrptr
 .text.packetbuf_is_reference
                0x00008670       0x14 contiki-z1.a(packetbuf.o)
                0x00008670                packetbuf_is_reference
 .text.packetbuf_reference_ptr
                0x00008684        0x6 contiki-z1.a(packetbuf.o)
                0x00008684                packetbuf_reference_ptr
 .text.packetbuf_datalen
                0x0000868a        0x6 contiki-z1.a(packetbuf.o)
                0x0000868a                packetbuf_datalen
 .text.packetbuf_totlen
                0x00008690       0x10 contiki-z1.a(packetbuf.o)
                0x00008690                packetbuf_totlen
 .text.packetbuf_attr_copyfrom
                0x000086a0       0x24 contiki-z1.a(packetbuf.o)
                0x000086a0                packetbuf_attr_copyfrom
 .text.packetbuf_attr_copyto
                0x000086c4       0x22 contiki-z1.a(packetbuf.o)
                0x000086c4                packetbuf_attr_copyto
 .text.packetbuf_copyto
                0x000086e6       0x5c contiki-z1.a(packetbuf.o)
                0x000086e6                packetbuf_copyto
 .text.packetbuf_copyto_hdr
                0x00008742       0x22 contiki-z1.a(packetbuf.o)
                0x00008742                packetbuf_copyto_hdr
 .text.packetbuf_compact
                0x00008764       0x54 contiki-z1.a(packetbuf.o)
                0x00008764                packetbuf_compact
 .text.packetbuf_attr_clear
                0x000087b8       0x42 contiki-z1.a(packetbuf.o)
                0x000087b8                packetbuf_attr_clear
 .text.packetbuf_clear
                0x000087fa       0x20 contiki-z1.a(packetbuf.o)
                0x000087fa                packetbuf_clear
 .text.packetbuf_copyfrom
                0x0000881a       0x2e contiki-z1.a(packetbuf.o)
                0x0000881a                packetbuf_copyfrom
 .text.queuebuf_to_packetbuf
                0x00008848       0x70 contiki-z1.a(queuebuf.o)
                0x00008848                queuebuf_to_packetbuf
 .text.queuebuf_free
                0x000088b8       0x46 contiki-z1.a(queuebuf.o)
                0x000088b8                queuebuf_free
 .text.queuebuf_update_attr_from_packetbuf
                0x000088fe       0x12 contiki-z1.a(queuebuf.o)
                0x000088fe                queuebuf_update_attr_from_packetbuf
 .text.queuebuf_new_from_packetbuf
                0x00008910       0x80 contiki-z1.a(queuebuf.o)
                0x00008910                queuebuf_new_from_packetbuf
 .text.queuebuf_init
                0x00008990       0x1a contiki-z1.a(queuebuf.o)
                0x00008990                queuebuf_init
 .text.uip_add32
                0x000089aa       0x6a contiki-z1.a(uip6.o)
                0x000089aa                uip_add32
 .text.upper_layer_chksum
                0x00008a14       0x82 contiki-z1.a(uip6.o)
 .text.uip_icmp6chksum
                0x00008a96        0xa contiki-z1.a(uip6.o)
                0x00008a96                uip_icmp6chksum
 .text.uip_tcpchksum
                0x00008aa0        0xa contiki-z1.a(uip6.o)
                0x00008aa0                uip_tcpchksum
 .text.uip_udpchksum
                0x00008aaa        0xa contiki-z1.a(uip6.o)
                0x00008aaa                uip_udpchksum
 .text.uip_unlisten
                0x00008ab4       0x32 contiki-z1.a(uip6.o)
                0x00008ab4                uip_unlisten
 .text.uip_listen
                0x00008ae6       0x34 contiki-z1.a(uip6.o)
                0x00008ae6                uip_listen
 .text.uip_add_rcv_nxt
                0x00008b1a       0x3a contiki-z1.a(uip6.o)
 .text.uip_htonl
                0x00008b54       0x1e contiki-z1.a(uip6.o)
                0x00008b54                uip_htonl
 .text.uip_send
                0x00008b72       0x26 contiki-z1.a(uip6.o)
                0x00008b72                uip_send
 .text.ext_hdr_options_process
                0x00008b98       0xd6 contiki-z1.a(uip6.o)
 .text.remove_ext_hdr
                0x00008c6e       0x48 contiki-z1.a(uip6.o)
                0x00008c6e                remove_ext_hdr
 .text.uip_process
                0x00008cb6      0xee8 contiki-z1.a(uip6.o)
                0x00008cb6                uip_process
 .text.uip_init
                0x00009b9e       0x6c contiki-z1.a(uip6.o)
                0x00009b9e                uip_init
 .text.tcpip_output
                0x00009c0a       0x10 contiki-z1.a(tcpip.o)
                0x00009c0a                tcpip_output
 .text.tcpip_set_outputfunc
                0x00009c1a        0x6 contiki-z1.a(tcpip.o)
                0x00009c1a                tcpip_set_outputfunc
 .text.tcp_attach
                0x00009c20        0xc contiki-z1.a(tcpip.o)
                0x00009c20                tcp_attach
 .text.start_periodic_tcp_timer
                0x00009c2c       0x16 contiki-z1.a(tcpip.o)
 .text.tcpip_uipcall
                0x00009c42       0x7c contiki-z1.a(tcpip.o)
                0x00009c42                tcpip_uipcall
 .text.tcpip_input
                0x00009cbe       0x16 contiki-z1.a(tcpip.o)
                0x00009cbe                tcpip_input
 .text.tcpip_ipv6_output
                0x00009cd4      0x158 contiki-z1.a(tcpip.o)
                0x00009cd4                tcpip_ipv6_output
 .text.process_thread_tcpip_process
                0x00009e2c      0x1e4 contiki-z1.a(tcpip.o)
 .text.tcp_listen
                0x0000a010       0x3c contiki-z1.a(tcpip.o)
                0x0000a010                tcp_listen
 .text.psock_datalen
                0x0000a04c        0xc contiki-z1.a(psock.o)
                0x0000a04c                psock_datalen
 .text.psock_readto
                0x0000a058       0xde contiki-z1.a(psock.o)
                0x0000a058                psock_readto
 .text.psock_init
                0x0000a136       0x22 contiki-z1.a(psock.o)
                0x0000a136                psock_init
 .text.psock_send
                0x0000a158       0xb4 contiki-z1.a(psock.o)
                0x0000a158                psock_send
 .text.uip_icmp6_send
                0x0000a20c       0x94 contiki-z1.a(uip-icmp6.o)
                0x0000a20c                uip_icmp6_send
 .text.uip_icmp6_echo_request_input
                0x0000a2a0      0x122 contiki-z1.a(uip-icmp6.o)
                0x0000a2a0                uip_icmp6_echo_request_input
 .text.uip_icmp6_error_output
                0x0000a3c2      0x16e contiki-z1.a(uip-icmp6.o)
                0x0000a3c2                uip_icmp6_error_output
 .text.uip_nd6_na_input
                0x0000a530      0x1ca contiki-z1.a(uip-nd6.o)
                0x0000a530                uip_nd6_na_input
 .text.create_llao
                0x0000a6fa       0x2c contiki-z1.a(uip-nd6.o)
 .text.uip_nd6_ns_output
                0x0000a726      0x166 contiki-z1.a(uip-nd6.o)
                0x0000a726                uip_nd6_ns_output
 .text.uip_nd6_ns_input
                0x0000a88c      0x22a contiki-z1.a(uip-nd6.o)
                0x0000a88c                uip_nd6_ns_input
 .text.compress_addr_64
                0x0000aab6       0x88 contiki-z1.a(sicslowpan.o)
 .text.uncompress_addr
                0x0000ab3e       0xaa contiki-z1.a(sicslowpan.o)
 .text.input    0x0000abe8      0x660 contiki-z1.a(sicslowpan.o)
 .text.sicslowpan_init
                0x0000b248       0x26 contiki-z1.a(sicslowpan.o)
                0x0000b248                sicslowpan_init
 .text.addr_context_lookup_by_prefix
                0x0000b26e       0x4c contiki-z1.a(sicslowpan.o)
 .text.send_packet
                0x0000b2ba       0x1a contiki-z1.a(sicslowpan.o)
 .text.output   0x0000b2d4      0x6f2 contiki-z1.a(sicslowpan.o)
 .text.packet_sent
                0x0000b9c6       0x22 contiki-z1.a(sicslowpan.o)
 .text.neighbor_info_subscribe
                0x0000b9e8       0x28 contiki-z1.a(neighbor-info.o)
                0x0000b9e8                neighbor_info_subscribe
 .text.neighbor_info_packet_received
                0x0000ba10       0x1a contiki-z1.a(neighbor-info.o)
                0x0000ba10                neighbor_info_packet_received
 .text.neighbor_info_packet_sent
                0x0000ba2a       0xe6 contiki-z1.a(neighbor-info.o)
                0x0000ba2a                neighbor_info_packet_sent
 .text.uip_ds6_defrt_rm
                0x0000bb10        0xa contiki-z1.a(uip-ds6.o)
                0x0000bb10                uip_ds6_defrt_rm
 .text.uip_ds6_get_link_local
                0x0000bb1a       0x3e contiki-z1.a(uip-ds6.o)
                0x0000bb1a                uip_ds6_get_link_local
 .text.uip_ds6_route_rm
                0x0000bb58        0x6 contiki-z1.a(uip-ds6.o)
                0x0000bb58                uip_ds6_route_rm
 .text.uip_ds6_select_src
                0x0000bb5e       0xfe contiki-z1.a(uip-ds6.o)
                0x0000bb5e                uip_ds6_select_src
 .text.uip_ds6_compute_reachable_time
                0x0000bc5c       0x46 contiki-z1.a(uip-ds6.o)
                0x0000bc5c                uip_ds6_compute_reachable_time
 .text.uip_ds6_set_addr_iid
                0x0000bca2       0x14 contiki-z1.a(uip-ds6.o)
                0x0000bca2                uip_ds6_set_addr_iid
 .text.uip_ds6_route_rm_by_nexthop
                0x0000bcb6       0x42 contiki-z1.a(uip-ds6.o)
                0x0000bcb6                uip_ds6_route_rm_by_nexthop
 .text.uip_ds6_route_lookup
                0x0000bcf8       0x6a contiki-z1.a(uip-ds6.o)
                0x0000bcf8                uip_ds6_route_lookup
 .text.uip_ds6_is_addr_onlink
                0x0000bd62       0x50 contiki-z1.a(uip-ds6.o)
                0x0000bd62                uip_ds6_is_addr_onlink
 .text.uip_ds6_list_loop
                0x0000bdb2       0x84 contiki-z1.a(uip-ds6.o)
                0x0000bdb2                uip_ds6_list_loop
 .text.uip_ds6_maddr_lookup
                0x0000be36       0x2a contiki-z1.a(uip-ds6.o)
                0x0000be36                uip_ds6_maddr_lookup
 .text.uip_ds6_addr_rm
                0x0000be60       0x54 contiki-z1.a(uip-ds6.o)
                0x0000be60                uip_ds6_addr_rm
 .text.uip_ds6_maddr_add
                0x0000beb4       0x48 contiki-z1.a(uip-ds6.o)
                0x0000beb4                uip_ds6_maddr_add
 .text.uip_ds6_addr_lookup
                0x0000befc       0x2a contiki-z1.a(uip-ds6.o)
                0x0000befc                uip_ds6_addr_lookup
 .text.uip_ds6_prefix_add
                0x0000bf26       0x90 contiki-z1.a(uip-ds6.o)
                0x0000bf26                uip_ds6_prefix_add
 .text.uip_ds6_defrt_lookup
                0x0000bfb6       0x28 contiki-z1.a(uip-ds6.o)
                0x0000bfb6                uip_ds6_defrt_lookup
 .text.uip_ds6_route_add
                0x0000bfde       0x88 contiki-z1.a(uip-ds6.o)
                0x0000bfde                uip_ds6_route_add
 .text.uip_ds6_addr_add
                0x0000c066       0xd2 contiki-z1.a(uip-ds6.o)
                0x0000c066                uip_ds6_addr_add
 .text.uip_ds6_defrt_add
                0x0000c138       0x82 contiki-z1.a(uip-ds6.o)
                0x0000c138                uip_ds6_defrt_add
 .text.uip_ds6_nbr_lookup
                0x0000c1ba       0x3e contiki-z1.a(uip-ds6.o)
                0x0000c1ba                uip_ds6_nbr_lookup
 .text.uip_ds6_defrt_choose
                0x0000c1f8       0x4a contiki-z1.a(uip-ds6.o)
                0x0000c1f8                uip_ds6_defrt_choose
 .text.uip_ds6_nbr_rm
                0x0000c242        0xe contiki-z1.a(uip-ds6.o)
                0x0000c242                uip_ds6_nbr_rm
 .text.uip_ds6_nbr_add
                0x0000c250      0x130 contiki-z1.a(uip-ds6.o)
                0x0000c250                uip_ds6_nbr_add
 .text.uip_ds6_periodic
                0x0000c380      0x1a0 contiki-z1.a(uip-ds6.o)
                0x0000c380                uip_ds6_periodic
 .text.uip_ds6_init
                0x0000c520      0x17c contiki-z1.a(uip-ds6.o)
                0x0000c520                uip_ds6_init
 .text.init_platform
                0x0000c69c        0xc contiki-z1.a(contiki-z1-plat)
                0x0000c69c                init_platform
 .text.msp430_quick_synch_dco
                0x0000c6a8       0x8e contiki-z1.a(msp430.o)
                0x0000c6a8                msp430_quick_synch_dco
 .text.splhigh_
                0x0000c736        0x8 contiki-z1.a(msp430.o)
                0x0000c736                splhigh_
 .text.msp430_cpu_init
                0x0000c73e       0x24 contiki-z1.a(msp430.o)
                0x0000c73e                msp430_cpu_init
 .text.show_leds
                0x0000c762      0x104 contiki-z1.a(leds.o)
 .text.leds_off
                0x0000c866       0x14 contiki-z1.a(leds.o)
                0x0000c866                leds_off
 .text.leds_on  0x0000c87a       0x14 contiki-z1.a(leds.o)
                0x0000c87a                leds_on
 .text.leds_init
                0x0000c88e        0xe contiki-z1.a(leds.o)
                0x0000c88e                leds_init
 .text.watchdog_interrupt
                0x0000c89c        0x6 contiki-z1.a(watchdog.o)
                0x0000c89c                watchdog_interrupt
                0x0000c89c                vector_fff4
 .text.watchdog_init
                0x0000c8a2       0x14 contiki-z1.a(watchdog.o)
                0x0000c8a2                watchdog_init
 .text.watchdog_start
                0x0000c8b6       0x14 contiki-z1.a(watchdog.o)
                0x0000c8b6                watchdog_start
 .text.watchdog_periodic
                0x0000c8ca       0x10 contiki-z1.a(watchdog.o)
                0x0000c8ca                watchdog_periodic
 .text.watchdog_stop
                0x0000c8da       0x16 contiki-z1.a(watchdog.o)
                0x0000c8da                watchdog_stop
 .text.wait_ready
                0x0000c8f0       0x4e contiki-z1.a(xmem.o)
 .text.xmem_pread
                0x0000c93e       0xe2 contiki-z1.a(xmem.o)
                0x0000c93e                xmem_pread
 .text.xmem_init
                0x0000ca20       0x1e contiki-z1.a(xmem.o)
                0x0000ca20                xmem_init
 .text.spi_init
                0x0000ca3e       0x32 contiki-z1.a(spi.o)
                0x0000ca3e                spi_init
 .text.getreg   0x0000ca70       0x4e contiki-z1.a(cc2420.o)
 .text.setreg   0x0000cabe       0x50 contiki-z1.a(cc2420.o)
 .text.set_txpower
                0x0000cb0e       0x2a contiki-z1.a(cc2420.o)
 .text.cc2420_receiving_packet
                0x0000cb38        0xc contiki-z1.a(cc2420.o)
 .text.pending_packet
                0x0000cb44       0x10 contiki-z1.a(cc2420.o)
 .text.on       0x0000cb54       0x78 contiki-z1.a(cc2420.o)
 .text.flushrx  0x0000cbcc       0x72 contiki-z1.a(cc2420.o)
 .text.off      0x0000cc3e       0xa4 contiki-z1.a(cc2420.o)
 .text.RELEASE_LOCK
                0x0000cce2       0x28 contiki-z1.a(cc2420.o)
 .text.cc2420_prepare
                0x0000cd0a       0xa6 contiki-z1.a(cc2420.o)
 .text.cc2420_get_txpower
                0x0000cdb0       0x1e contiki-z1.a(cc2420.o)
                0x0000cdb0                cc2420_get_txpower
 .text.cc2420_set_pan_addr
                0x0000cdce      0x168 contiki-z1.a(cc2420.o)
                0x0000cdce                cc2420_set_pan_addr
 .text.cc2420_set_channel
                0x0000cf36       0xca contiki-z1.a(cc2420.o)
                0x0000cf36                cc2420_set_channel
 .text.cc2420_on
                0x0000d000       0x22 contiki-z1.a(cc2420.o)
                0x0000d000                cc2420_on
 .text.cc2420_transmit
                0x0000d022      0x236 contiki-z1.a(cc2420.o)
 .text.cc2420_send
                0x0000d258       0x12 contiki-z1.a(cc2420.o)
 .text.cc2420_off
                0x0000d26a       0x4e contiki-z1.a(cc2420.o)
                0x0000d26a                cc2420_off
 .text.cc2420_cca
                0x0000d2b8       0x9a contiki-z1.a(cc2420.o)
 .text.getrxdata
                0x0000d352       0x4a contiki-z1.a(cc2420.o)
 .text.cc2420_read
                0x0000d39c      0x118 contiki-z1.a(cc2420.o)
 .text.cc2420_interrupt
                0x0000d4b4       0x1e contiki-z1.a(cc2420.o)
                0x0000d4b4                cc2420_interrupt
 .text.process_thread_cc2420_process
                0x0000d4d2       0x50 contiki-z1.a(cc2420.o)
 .text.cc2420_init
                0x0000d522       0xe0 contiki-z1.a(cc2420.o)
                0x0000d522                cc2420_init
 .text.cc2420_arch_init
                0x0000d602       0x1a contiki-z1.a(cc2420-arch.o)
                0x0000d602                cc2420_arch_init
 .text.node_id_restore
                0x0000d61c       0x4c contiki-z1.a(node-id.o)
                0x0000d61c                node_id_restore
 .text.process_thread_sensors_process
                0x0000d668       0xc4 contiki-z1.a(sensors.o)
 .text.sensors_changed
                0x0000d72c       0x2c contiki-z1.a(sensors.o)
                0x0000d72c                sensors_changed
 .text.status   0x0000d758       0x16 contiki-z1.a(button-sensor.o)
 .text.configure
                0x0000d76e       0x4a contiki-z1.a(button-sensor.o)
 .text.value    0x0000d7b8       0x22 contiki-z1.a(button-sensor.o)
 .text.irq_p2   0x0000d7da       0x8a contiki-z1.a(button-sensor.o)
                0x0000d7da                irq_p2
                0x0000d7da                vector_ffe6
 .text.uart0_active
                0x0000d864        0xc contiki-z1.a(uart0.o)
                0x0000d864                uart0_active
 .text.uart0_set_input
                0x0000d870        0x6 contiki-z1.a(uart0.o)
                0x0000d870                uart0_set_input
 .text.uart0_init
                0x0000d876       0x42 contiki-z1.a(uart0.o)
                0x0000d876                uart0_init
 .text.uart0_rx_interrupt
                0x0000d8b8       0x7a contiki-z1.a(uart0.o)
                0x0000d8b8                vector_ffee
                0x0000d8b8                uart0_rx_interrupt
 .text.uart0_writeb
                0x0000d932       0x18 contiki-z1.a(uart0.o)
                0x0000d932                uart0_writeb
 .text.slip_set_input_callback
                0x0000d94a        0x6 contiki-z1.a(slip.o)
                0x0000d94a                slip_set_input_callback
 .text.slip_send
                0x0000d950       0x62 contiki-z1.a(slip.o)
                0x0000d950                slip_send
 .text.slip_input_byte
                0x0000d9b2       0xba contiki-z1.a(slip.o)
                0x0000d9b2                slip_input_byte
 .text.process_thread_slip_process
                0x0000da6c      0x15c contiki-z1.a(slip.o)
 .text.slip_arch_init
                0x0000dbc8        0xa contiki-z1.a(slip_uart0.o)
                0x0000dbc8                slip_arch_init
 .text.slip_arch_writeb
                0x0000dbd2        0x6 contiki-z1.a(slip_uart0.o)
                0x0000dbd2                slip_arch_writeb
 .text.port1_isr
                0x0000dbd8       0xe2 contiki-z1.a(adxl345.o)
                0x0000dbd8                port1_isr
                0x0000dbd8                vector_ffe4
 .text.accm_write_stream
                0x0000dcba       0x2e contiki-z1.a(adxl345.o)
                0x0000dcba                accm_write_stream
 .text.accm_write_reg
                0x0000dce8       0x2e contiki-z1.a(adxl345.o)
                0x0000dce8                accm_write_reg
 .text.accm_init
                0x0000dd16       0x8e contiki-z1.a(adxl345.o)
                0x0000dd16                accm_init
 .text.accm_read_reg
                0x0000dda4       0x52 contiki-z1.a(adxl345.o)
                0x0000dda4                accm_read_reg
 .text.process_thread_accmeter_process
                0x0000ddf6       0x5c contiki-z1.a(adxl345.o)
 .text.clock_time
                0x0000de52       0x1a contiki-z1.a(clock.o)
                0x0000de52                clock_time
 .text.clock_init
                0x0000de6c       0x26 contiki-z1.a(clock.o)
                0x0000de6c                clock_init
 .text.clock_delay
                0x0000de92        0xc contiki-z1.a(clock.o)
                0x0000de92                clock_delay
 .text.clock_wait
                0x0000de9e       0x54 contiki-z1.a(clock.o)
                0x0000de9e                clock_wait
 .text.clock_seconds
                0x0000def2       0x1a contiki-z1.a(clock.o)
                0x0000def2                clock_seconds
 .text.timera1  0x0000df0c       0xe8 contiki-z1.a(clock.o)
                0x0000df0c                vector_fff0
                0x0000df0c                timera1
 .text.leds_arch_init
                0x0000dff4        0xe contiki-z1.a(leds-arch.o)
                0x0000dff4                leds_arch_init
 .text.leds_arch_set
                0x0000e002       0x40 contiki-z1.a(leds-arch.o)
                0x0000e002                leds_arch_set
 .text.rtimer_arch_init
                0x0000e042        0xc contiki-z1.a(rtimer-arch.o)
                0x0000e042                rtimer_arch_init
 .text.rtimer_arch_now
                0x0000e04e        0xe contiki-z1.a(rtimer-arch.o)
                0x0000e04e                rtimer_arch_now
 .text.rtimer_arch_schedule
                0x0000e05c        0x6 contiki-z1.a(rtimer-arch.o)
                0x0000e05c                rtimer_arch_schedule
 .text.timera0  0x0000e062       0x7c contiki-z1.a(rtimer-arch.o)
                0x0000e062                vector_fff2
                0x0000e062                timera0
 .text.mac_call_sent_callback
                0x0000e0de       0x14 contiki-z1.a(mac.o)
                0x0000e0de                mac_call_sent_callback
 .text.parse    0x0000e0f2       0xa8 contiki-z1.a(framer-802154.o)
 .text.create   0x0000e19a      0x112 contiki-z1.a(framer-802154.o)
 .text.rpl_init
                0x0000e2ac       0x44 contiki-z1.a(rpl.o)
                0x0000e2ac                rpl_init
 .text.rpl_ipv6_neighbor_callback
                0x0000e2f0       0x26 contiki-z1.a(rpl.o)
                0x0000e2f0                rpl_ipv6_neighbor_callback
 .text.rpl_link_neighbor_callback
                0x0000e316       0x8a contiki-z1.a(rpl.o)
 .text.rpl_add_route
                0x0000e3a0       0x78 contiki-z1.a(rpl.o)
                0x0000e3a0                rpl_add_route
 .text.rpl_remove_routes_by_nexthop
                0x0000e418       0x46 contiki-z1.a(rpl.o)
                0x0000e418                rpl_remove_routes_by_nexthop
 .text.rpl_remove_routes
                0x0000e45e       0x26 contiki-z1.a(rpl.o)
                0x0000e45e                rpl_remove_routes
 .text.rpl_purge_routes
                0x0000e484       0x44 contiki-z1.a(rpl.o)
                0x0000e484                rpl_purge_routes
 .text.rpl_invert_header
                0x0000e4c8       0x64 contiki-z1.a(rpl-ext-header.)
                0x0000e4c8                rpl_invert_header
 .text.rpl_verify_header
                0x0000e52c       0x86 contiki-z1.a(rpl-ext-header.)
                0x0000e52c                rpl_verify_header
 .text.rpl_update_header_final
                0x0000e5b2       0x86 contiki-z1.a(rpl-ext-header.)
                0x0000e5b2                rpl_update_header_final
 .text.rpl_update_header_empty
                0x0000e638       0xd8 contiki-z1.a(rpl-ext-header.)
                0x0000e638                rpl_update_header_empty
 .text.neighbor_addr_get
                0x0000e710       0x42 contiki-z1.a(neighbor-attr.o)
 .text.neighbor_attr_get_data
                0x0000e752       0x2e contiki-z1.a(neighbor-attr.o)
                0x0000e752                neighbor_attr_get_data
 .text.neighbor_attr_has_neighbor
                0x0000e780        0xc contiki-z1.a(neighbor-attr.o)
                0x0000e780                neighbor_attr_has_neighbor
 .text.set_attr
                0x0000e78c       0x4e contiki-z1.a(neighbor-attr.o)
 .text.neighbor_attr_add_neighbor
                0x0000e7da       0x80 contiki-z1.a(neighbor-attr.o)
                0x0000e7da                neighbor_attr_add_neighbor
 .text.neighbor_attr_set_data
                0x0000e85a       0x68 contiki-z1.a(neighbor-attr.o)
                0x0000e85a                neighbor_attr_set_data
 .text.neighbor_attr_register
                0x0000e8c2       0x34 contiki-z1.a(neighbor-attr.o)
                0x0000e8c2                neighbor_attr_register
 .text.i2c_receiveinit
                0x0000e8f6       0x34 contiki-z1.a(i2cmaster.o)
                0x0000e8f6                i2c_receiveinit
 .text.i2c_transmitinit
                0x0000e92a       0x2e contiki-z1.a(i2cmaster.o)
                0x0000e92a                i2c_transmitinit
 .text.i2c_receive_n
                0x0000e958       0x42 contiki-z1.a(i2cmaster.o)
                0x0000e958                i2c_receive_n
 .text.i2c_busy
                0x0000e99a        0xa contiki-z1.a(i2cmaster.o)
                0x0000e99a                i2c_busy
 .text.i2c_enable
                0x0000e9a4       0x22 contiki-z1.a(i2cmaster.o)
                0x0000e9a4                i2c_enable
 .text.i2c_transmit_n
                0x0000e9c6       0x14 contiki-z1.a(i2cmaster.o)
                0x0000e9c6                i2c_transmit_n
 .text.i2c_tx_interrupt
                0x0000e9da       0x80 contiki-z1.a(i2cmaster.o)
                0x0000e9da                vector_ffe0
                0x0000e9da                i2c_tx_interrupt
 .text.i2c_rx_interrupt
                0x0000ea5a       0x16 contiki-z1.a(i2cmaster.o)
                0x0000ea5a                i2c_rx_interrupt
                0x0000ea5a                vector_ffe2
 .text.frame802154_parse
                0x0000ea70      0x19e contiki-z1.a(frame802154.o)
                0x0000ea70                frame802154_parse
 .text.field_len
                0x0000ec0e       0x98 contiki-z1.a(frame802154.o)
 .text.frame802154_create
                0x0000eca6      0x170 contiki-z1.a(frame802154.o)
                0x0000eca6                frame802154_create
 .text.frame802154_hdrlen
                0x0000ee16       0x26 contiki-z1.a(frame802154.o)
                0x0000ee16                frame802154_hdrlen
 .text.libgcc   0x0000ee3c       0x28 /opt/msp430-gcc-4.4.5/lib/gcc/msp430/4.4.5/msp3/libgcc.a(_mulsi3hw.o)
                0x0000ee3c                __umulsi3hw
 .text.libgcc   0x0000ee64       0x1c /opt/msp430-gcc-4.4.5/lib/gcc/msp430/4.4.5/msp3/libgcc.a(_udivmodhi4.o)
                0x0000ee64                __udivmodhi4
 .text.libgcc   0x0000ee80       0x2a /opt/msp430-gcc-4.4.5/lib/gcc/msp430/4.4.5/msp3/libgcc.a(_udivmodsi4.o)
                0x0000ee80                __udivmodsi4
                0x0000eeaa                . = ALIGN (0x2)
 *(.fini9)
 *(.fini9)
 *(.fini8)
 *(.fini8)
 *(.fini7)
 *(.fini7)
 *(.fini6)
 *(.fini6)
 *(.fini5)
 *(.fini5)
 *(.fini4)
 *(.fini4)
 *(.fini3)
 *(.fini3)
 *(.fini2)
 *(.fini2)
 *(.fini1)
 *(.fini1)
 *(.fini0)
 *(.fini0)
 *(.fini)
 *(.fini)
                0x0000eeaa                _etext = .

.data           0x00001100      0x108 load address 0x0000eeaa
                0x00001100                PROVIDE (__data_start, .)
                0x00001100                . = ALIGN (0x2)
 *(.data)
 .data          0x00001100       0x24 resource_directory.co
                0x00001100                dag_id
                0x00001110                border_router_process
                0x0000111a                webserver_nogui_process
 .data          0x00001124        0x8 obj_z1/httpd-simple.o
 .data          0x0000112c        0x4 obj_z1/contiki-z1-main.o
                0x0000112c                sensors
 .data          0x00001130       0x18 contiki-z1.a(csma.o)
 .data          0x00001148        0xe contiki-z1.a(contikimac.o)
                0x00001148                phase_list
 .data          0x00001156        0x8 contiki-z1.a(phase.o)
 .data          0x0000115e        0x8 contiki-z1.a(rpl-dag.o)
 .data          0x00001166        0x1 contiki-z1.a(rpl-icmp6.o)
 *fill*         0x00001167        0x1 00
 .data          0x00001168        0xe contiki-z1.a(rpl-of-etx.o)
                0x00001168                rpl_of_etx
 .data          0x00001176        0xa contiki-z1.a(etimer.o)
                0x00001176                etimer_process
 .data          0x00001180        0xa contiki-z1.a(ctimer.o)
                0x00001180                ctimer_process
 .data          0x0000118a       0x18 contiki-z1.a(queuebuf.o)
 .data          0x000011a2        0xa contiki-z1.a(tcpip.o)
                0x000011a2                tcpip_process
 .data          0x000011ac       0x10 contiki-z1.a(neighbor-info.o)
                0x000011ac                attr_etx
                0x000011b4                attr_timestamp
 .data          0x000011bc        0x2 contiki-z1.a(msp430.o)
 .data          0x000011be        0xa contiki-z1.a(cc2420.o)
                0x000011be                cc2420_process
 .data          0x000011c8        0xa contiki-z1.a(sensors.o)
                0x000011c8                sensors_process
 .data          0x000011d2        0xa contiki-z1.a(slip.o)
                0x000011d2                slip_process
 .data          0x000011dc       0x20 contiki-z1.a(adxl345.o)
                0x000011dc                accmeter_process
 .data          0x000011fc        0x8 contiki-z1.a(neighbor-attr.o)
 .data          0x00001204        0x4 /opt/msp430-gcc-4.4.5/lib/gcc/msp430/4.4.5/../../../../msp430/lib/msp3/libc.a(rand.o)
 *(SORT(.data.*))
                0x00001208                . = ALIGN (0x2)
 *(.gnu.linkonce.d*)
                0x00001208                . = ALIGN (0x2)
                0x00001208                _edata = .
                0x0000eeaa                PROVIDE (__data_load_start, LOADADDR (.data))
                0x00000108                PROVIDE (__data_size, SIZEOF (.data))

.bootloader     0x00000c00        0x0
                0x00000c00                PROVIDE (__boot_start, .)
 *(.bootloader)
                0x00000c00                . = ALIGN (0x2)
 *(.bootloader.*)

.infomem        0x00001000        0x0
 *(.infomem)
                0x00001000                . = ALIGN (0x2)
 *(.infomem.*)

.infomemnobits  0x00001000        0x0
 *(.infomemnobits)
                0x00001000                . = ALIGN (0x2)
 *(.infomemnobits.*)

.bss            0x00001208     0x1d1a
                0x00001208                PROVIDE (__bss_start, .)
 *(.bss)
 .bss           0x00001208      0x120 resource_directory.co
 .bss           0x00001328       0x12 obj_z1/slip-bridge.o
 .bss           0x0000133a       0xae obj_z1/httpd-simple.o
 .bss           0x000013e8        0x4 obj_z1/contiki-z1-main.o
 .bss           0x000013ec       0x8a contiki-z1.a(csma.o)
 .bss           0x00001476      0x384 contiki-z1.a(contikimac.o)
 .bss           0x000017fa       0xe8 contiki-z1.a(phase.o)
 .bss           0x000018e2      0x230 contiki-z1.a(rpl-dag.o)
 .bss           0x00001b12       0x18 contiki-z1.a(rpl-timers.o)
 .bss           0x00001b2a       0x42 contiki-z1.a(process.o)
                0x00001b2a                process_list
                0x00001b2c                process_current
 .bss           0x00001b6c        0x6 contiki-z1.a(etimer.o)
 .bss           0x00001b72        0x4 contiki-z1.a(ctimer.o)
 .bss           0x00001b76        0x2 contiki-z1.a(rtimer.o)
 .bss           0x00001b78       0xba contiki-z1.a(packetbuf.o)
 .bss           0x00001c32      0x3c6 contiki-z1.a(queuebuf.o)
 .bss           0x00001ff8       0x12 contiki-z1.a(uip6.o)
                0x00001ff8                uip_ext_bitmap
                0x00001ffa                uip_ext_len
                0x00001ffc                uip_ext_opt_offset
 .bss           0x0000200a       0x36 contiki-z1.a(tcpip.o)
 .bss           0x00002040       0x10 contiki-z1.a(uip-icmp6.o)
 .bss           0x00002050        0xa contiki-z1.a(uip-nd6.o)
 .bss           0x0000205a       0xbe contiki-z1.a(sicslowpan.o)
 .bss           0x00002118       0x3e contiki-z1.a(neighbor-info.o)
 .bss           0x00002156       0x20 contiki-z1.a(uip-ds6.o)
 .bss           0x00002176        0x2 contiki-z1.a(leds.o)
 .bss           0x00002178        0x2 contiki-z1.a(watchdog.o)
 .bss           0x0000217a        0xc contiki-z1.a(cc2420.o)
 .bss           0x00002186        0x2 contiki-z1.a(node-id.o)
                0x00002186                node_id
 .bss           0x00002188        0x6 contiki-z1.a(sensors.o)
 .bss           0x0000218e        0x8 contiki-z1.a(button-sensor.o)
 .bss           0x00002196        0x4 contiki-z1.a(uart0.o)
 .bss           0x0000219a       0xa6 contiki-z1.a(slip.o)
 .bss           0x00002240       0x16 contiki-z1.a(adxl345.o)
 .bss           0x00002256        0xa contiki-z1.a(clock.o)
 .bss           0x00002260        0x2 contiki-z1.a(framer-802154.o)
 .bss           0x00002262       0xce contiki-z1.a(neighbor-attr.o)
 .bss           0x00002330        0x2 contiki-z1.a(i2cmaster.o)
 .bss           0x00002332        0x2 /opt/msp430-gcc-4.4.5/lib/gcc/msp430/4.4.5/../../../../msp430/lib/msp3/libc.a(vsprintf.o)
 .bss           0x00002334        0x4 /opt/msp430-gcc-4.4.5/lib/gcc/msp430/4.4.5/../../../../msp430/lib/msp3/libc.a(vuprintf.o)
 *(SORT(.bss.*))
 *(COMMON)
 COMMON         0x00002338        0x2 obj_z1/contiki-z1-main.o
                0x00002338                sensors_flags
 COMMON         0x0000233a        0x8 contiki-z1.a(rimeaddr.o)
                0x0000233a                rimeaddr_node_addr
 COMMON         0x00002342       0xbe contiki-z1.a(rpl-dag.o)
                0x00002342                default_instance
                0x00002344                instance_table
 COMMON         0x00002400        0x1 contiki-z1.a(process.o)
                0x00002400                process_maxevents
 *fill*         0x00002401        0x1 00
 COMMON         0x00002402       0x56 contiki-z1.a(energest.o)
                0x00002402                energest_total_time
                0x00002432                energest_total_count
                0x00002434                energest_current_mode
                0x00002440                energest_current_time
 COMMON         0x00002458       0x50 contiki-z1.a(packetbuf.o)
                0x00002458                packetbuf_addrs
                0x00002478                packetbuf_attrs
 COMMON         0x000024a8      0x2a0 contiki-z1.a(uip6.o)
                0x000024a8                uip_len
                0x000024aa                uip_sappdata
                0x000024ac                uip_acc32
                0x000024b0                uip_lladdr
                0x000024b8                uip_aligned_buf
                0x00002544                uip_flags
                0x00002546                uip_next_hdr
                0x00002548                uip_udp_conn
                0x0000254a                uip_appdata
                0x0000254c                uip_conn
                0x0000254e                uip_conns
                0x000025fe                uip_listenports
                0x0000260e                uip_slen
                0x00002610                uip_udp_conns
 COMMON         0x00002748        0x1 contiki-z1.a(tcpip.o)
                0x00002748                tcpip_event
 *fill*         0x00002749        0x1 00
 COMMON         0x0000274a        0x8 contiki-z1.a(sicslowpan.o)
                0x0000274a                frag_sender
 COMMON         0x00002752      0x752 contiki-z1.a(uip-ds6.o)
                0x00002752                uip_ds6_timer_ra
                0x0000275a                uip_ds6_if
                0x00002846                uip_ds6_netif_addr_list_offset
                0x00002847                uip_ds6_addr_size
                0x00002848                uip_ds6_prefix_list
                0x000028a2                uip_ds6_timer_periodic
                0x000028ae                uip_ds6_defrt_list
                0x000028e6                uip_ds6_nbr_cache
                0x00002bd4                uip_ds6_routing_table
 COMMON         0x00002ea4       0x14 contiki-z1.a(cc2420.o)
                0x00002ea4                cc2420_last_rssi
                0x00002ea6                cc2420_packets_read
                0x00002ea8                cc2420_packets_seen
                0x00002eaa                cc2420_sfd_start_time
                0x00002eac                cc2420_time_of_departure
                0x00002eae                cc2420_time_of_arrival
                0x00002eb0                cc2420_last_correlation
                0x00002eb2                cc2420_authority_level_of_sender
                0x00002eb4                cc2420_sfd_counter
                0x00002eb6                cc2420_sfd_end_time
 COMMON         0x00002eb8        0x8 contiki-z1.a(node-id.o)
                0x00002eb8                node_mac
 COMMON         0x00002ec0        0x1 contiki-z1.a(sensors.o)
                0x00002ec0                sensors_event
 COMMON         0x00002ec1        0x1 contiki-z1.a(slip.o)
                0x00002ec1                slip_active
 COMMON         0x00002ec2        0x7 contiki-z1.a(adxl345.o)
                0x00002ec2                accm_int2_cb
                0x00002ec4                int2_event
                0x00002ec6                accm_int1_cb
                0x00002ec8                int1_event
 *fill*         0x00002ec9        0x1 00
 COMMON         0x00002eca       0x48 contiki-z1.a(rimestats.o)
                0x00002eca                rimestats
 COMMON         0x00002f12       0x10 contiki-z1.a(i2cmaster.o)
                0x00002f12                transmit_data1
                0x00002f13                rx_byte_ctr
                0x00002f14                tx_buf_ptr
                0x00002f16                tx_byte_ctr
                0x00002f18                i
                0x00002f1a                receive_data
                0x00002f1c                rx_buf
                0x00002f1e                transmit_data2
                0x00002f20                rx_buf_ptr
                0x00002f22                PROVIDE (__bss_end, .)
                0x00002f22                _end = .
                0x00001d1a                PROVIDE (__bss_size, SIZEOF (.bss))

.noinit         0x00002f22        0x0
                0x00002f22                PROVIDE (__noinit_start, .)
 *(.noinit)
 *(.noinit.*)
 *(COMMON)
                0x00002f22                PROVIDE (__noinit_end, .)
                0x00002f22                _end = .

.vectors        0x0000ffc0       0x40
                0x0000ffc0                PROVIDE (__vectors_start, .)
 *(.vectors*)
 .vectors       0x0000ffc0       0x40 /opt/msp430-gcc-4.4.5/lib/gcc/msp430/4.4.5/../../../../msp430/lib/crt430x2617.o
                0x0000ffc0                InterruptVectors
 *(.vectors*)
                0x00010000                _vectors_end = .

.fartext        0x00010000        0x0
                0x00010000                . = ALIGN (0x2)
 *(.fartext)
                0x00010000                . = ALIGN (0x2)
 *(.fartext.*)
                0x00010000                _efartext = .

.profiler
 *(.profiler)

.stab
 *(.stab)

.stabstr
 *(.stabstr)

.stab.excl
 *(.stab.excl)

.stab.exclstr
 *(.stab.exclstr)

.stab.index
 *(.stab.index)

.stab.indexstr
 *(.stab.indexstr)

.comment
 *(.comment)

.debug
 *(.debug)

.line
 *(.line)

.debug_srcinfo
 *(.debug_srcinfo .zdebug_srcinfo)

.debug_sfnames
 *(.debug_sfnames .zdebug_sfnames)

.debug_aranges  0x00000000      0xb2c
 *(.debug_aranges .zdebug_aranges)
 .debug_aranges
                0x00000000       0x28 resource_directory.co
 .debug_aranges
                0x00000028       0x20 obj_z1/slip-bridge.o
 .debug_aranges
                0x00000048       0x20 obj_z1/httpd-simple.o
 .debug_aranges
                0x00000068       0x18 obj_z1/contiki-z1-main.o
 .debug_aranges
                0x00000080       0x1c contiki-z1.a(rimeaddr.o)
 .debug_aranges
                0x0000009c       0x34 contiki-z1.a(csma.o)
 .debug_aranges
                0x000000d0       0x48 contiki-z1.a(contikimac.o)
 .debug_aranges
                0x00000118       0x28 contiki-z1.a(phase.o)
 .debug_aranges
                0x00000140       0x8c contiki-z1.a(rpl-dag.o)
 .debug_aranges
                0x000001cc       0x24 contiki-z1.a(rpl-icmp6.o)
 .debug_aranges
                0x000001f0       0x2c contiki-z1.a(rpl-timers.o)
 .debug_aranges
                0x0000021c       0x28 contiki-z1.a(rpl-of-etx.o)
 .debug_aranges
                0x00000244       0x40 contiki-z1.a(process.o)
 .debug_aranges
                0x00000284       0x18 contiki-z1.a(autostart.o)
 .debug_aranges
                0x0000029c       0x20 contiki-z1.a(memb.o)
 .debug_aranges
                0x000002bc       0x24 contiki-z1.a(timer.o)
 .debug_aranges
                0x000002e0       0x40 contiki-z1.a(list.o)
 .debug_aranges
                0x00000320       0x48 contiki-z1.a(etimer.o)
 .debug_aranges
                0x00000368       0x2c contiki-z1.a(ctimer.o)
 .debug_aranges
                0x00000394       0x24 contiki-z1.a(energest.o)
 .debug_aranges
                0x000003b8       0x1c contiki-z1.a(rtimer.o)
 .debug_aranges
                0x000003d4       0x28 contiki-z1.a(stimer.o)
 .debug_aranges
                0x000003fc       0x18 contiki-z1.a(random.o)
 .debug_aranges
                0x00000414       0x18 contiki-z1.a(uip-debug.o)
 .debug_aranges
                0x0000042c       0x64 contiki-z1.a(packetbuf.o)
 .debug_aranges
                0x00000490       0x38 contiki-z1.a(queuebuf.o)
 .debug_aranges
                0x000004c8       0x58 contiki-z1.a(uip6.o)
 .debug_aranges
                0x00000520       0x50 contiki-z1.a(tcpip.o)
 .debug_aranges
                0x00000570       0x2c contiki-z1.a(psock.o)
 .debug_aranges
                0x0000059c       0x1c contiki-z1.a(uip-icmp6.o)
 .debug_aranges
                0x000005b8       0x20 contiki-z1.a(uip-nd6.o)
 .debug_aranges
                0x000005d8       0x38 contiki-z1.a(sicslowpan.o)
 .debug_aranges
                0x00000610       0x20 contiki-z1.a(neighbor-info.o)
 .debug_aranges
                0x00000630       0x98 contiki-z1.a(uip-ds6.o)
 .debug_aranges
                0x000006c8       0x14 contiki-z1.a(contiki-z1-plat)
 .debug_aranges
                0x000006dc       0x20 contiki-z1.a(msp430.o)
 .debug_aranges
                0x000006fc       0x30 contiki-z1.a(leds.o)
 .debug_aranges
                0x0000072c       0x28 contiki-z1.a(watchdog.o)
 .debug_aranges
                0x00000754       0x24 contiki-z1.a(xmem.o)
 .debug_aranges
                0x00000778       0x14 contiki-z1.a(spi.o)
 .debug_aranges
                0x0000078c       0x80 contiki-z1.a(cc2420.o)
 .debug_aranges
                0x0000080c       0x14 contiki-z1.a(cc2420-arch.o)
 .debug_aranges
                0x00000820       0x18 contiki-z1.a(node-id.o)
 .debug_aranges
                0x00000838       0x24 contiki-z1.a(sensors.o)
 .debug_aranges
                0x0000085c       0x20 contiki-z1.a(button-sensor.o)
 .debug_aranges
                0x0000087c       0x24 contiki-z1.a(uart0.o)
 .debug_aranges
                0x000008a0       0x24 contiki-z1.a(slip.o)
 .debug_aranges
                0x000008c4       0x18 contiki-z1.a(slip_uart0.o)
 .debug_aranges
                0x000008dc       0x38 contiki-z1.a(adxl345.o)
 .debug_aranges
                0x00000914       0x3c contiki-z1.a(clock.o)
 .debug_aranges
                0x00000950       0x1c contiki-z1.a(leds-arch.o)
 .debug_aranges
                0x0000096c       0x20 contiki-z1.a(rtimer-arch.o)
 .debug_aranges
                0x0000098c       0x14 contiki-z1.a(mac.o)
 .debug_aranges
                0x000009a0       0x18 contiki-z1.a(framer-802154.o)
 .debug_aranges
                0x000009b8       0x2c contiki-z1.a(rpl.o)
 .debug_aranges
                0x000009e4       0x24 contiki-z1.a(rpl-ext-header.)
 .debug_aranges
                0x00000a08       0x44 contiki-z1.a(neighbor-attr.o)
 .debug_aranges
                0x00000a4c       0x34 contiki-z1.a(i2cmaster.o)
 .debug_aranges
                0x00000a80       0x20 contiki-z1.a(frame802154.o)
 .debug_aranges
                0x00000aa0       0x14 /opt/msp430-gcc-4.4.5/lib/gcc/msp430/4.4.5/msp3/libgcc.a(_mulsi3hw.o)
 .debug_aranges
                0x00000ab4       0x14 /opt/msp430-gcc-4.4.5/lib/gcc/msp430/4.4.5/msp3/libgcc.a(_udivmodhi4.o)
 .debug_aranges
                0x00000ac8       0x14 /opt/msp430-gcc-4.4.5/lib/gcc/msp430/4.4.5/msp3/libgcc.a(_udivmodsi4.o)
 .debug_aranges
                0x00000adc       0x14 /opt/msp430-gcc-4.4.5/lib/gcc/msp430/4.4.5/msp3/libgcc.a(__init_stack.o)
 .debug_aranges
                0x00000af0       0x14 /opt/msp430-gcc-4.4.5/lib/gcc/msp430/4.4.5/msp3/libgcc.a(_copy_data.o)
 .debug_aranges
                0x00000b04       0x14 /opt/msp430-gcc-4.4.5/lib/gcc/msp430/4.4.5/msp3/libgcc.a(_clear_bss.o)
 .debug_aranges
                0x00000b18       0x14 /opt/msp430-gcc-4.4.5/lib/gcc/msp430/4.4.5/msp3/libgcc.a(__jump_to_main.o)

.debug_pubnames
                0x00000000     0x2740
 *(.debug_pubnames .zdebug_pubnames)
 .debug_pubnames
                0x00000000       0xac resource_directory.co
 .debug_pubnames
                0x000000ac       0x30 obj_z1/slip-bridge.o
 .debug_pubnames
                0x000000dc       0x97 obj_z1/httpd-simple.o
 .debug_pubnames
                0x00000173       0x45 obj_z1/contiki-z1-main.o
 .debug_pubnames
                0x000001b8       0x79 contiki-z1.a(rimeaddr.o)
 .debug_pubnames
                0x00000231       0x22 contiki-z1.a(csma.o)
 .debug_pubnames
                0x00000253       0x52 contiki-z1.a(contikimac.o)
 .debug_pubnames
                0x000002a5       0x64 contiki-z1.a(phase.o)
 .debug_pubnames
                0x00000309      0x265 contiki-z1.a(rpl-dag.o)
 .debug_pubnames
                0x0000056e       0x64 contiki-z1.a(rpl-icmp6.o)
 .debug_pubnames
                0x000005d2       0x5c contiki-z1.a(rpl-timers.o)
 .debug_pubnames
                0x0000062e       0x21 contiki-z1.a(rpl-of-etx.o)
 .debug_pubnames
                0x0000064f      0x10d contiki-z1.a(process.o)
 .debug_pubnames
                0x0000075c       0x39 contiki-z1.a(autostart.o)
 .debug_pubnames
                0x00000795       0x4d contiki-z1.a(memb.o)
 .debug_pubnames
                0x000007e2       0x68 contiki-z1.a(timer.o)
 .debug_pubnames
                0x0000084a       0xc3 contiki-z1.a(list.o)
 .debug_pubnames
                0x0000090d      0x109 contiki-z1.a(etimer.o)
 .debug_pubnames
                0x00000a16       0x8b contiki-z1.a(ctimer.o)
 .debug_pubnames
                0x00000aa1       0xec contiki-z1.a(energest.o)
 .debug_pubnames
                0x00000b8d       0x45 contiki-z1.a(rtimer.o)
 .debug_pubnames
                0x00000bd2       0x80 contiki-z1.a(stimer.o)
 .debug_pubnames
                0x00000c52       0x32 contiki-z1.a(random.o)
 .debug_pubnames
                0x00000c84       0x48 contiki-z1.a(uip-debug.o)
 .debug_pubnames
                0x00000ccc      0x22c contiki-z1.a(packetbuf.o)
 .debug_pubnames
                0x00000ef8       0xff contiki-z1.a(queuebuf.o)
 .debug_pubnames
                0x00000ff7      0x216 contiki-z1.a(uip6.o)
 .debug_pubnames
                0x0000120d      0x12c contiki-z1.a(tcpip.o)
 .debug_pubnames
                0x00001339       0x94 contiki-z1.a(psock.o)
 .debug_pubnames
                0x000013cd       0x61 contiki-z1.a(uip-icmp6.o)
 .debug_pubnames
                0x0000142e       0x52 contiki-z1.a(uip-nd6.o)
 .debug_pubnames
                0x00001480       0xb4 contiki-z1.a(sicslowpan.o)
 .debug_pubnames
                0x00001534       0xab contiki-z1.a(neighbor-info.o)
 .debug_pubnames
                0x000015df      0x403 contiki-z1.a(uip-ds6.o)
 .debug_pubnames
                0x000019e2       0x24 contiki-z1.a(contiki-z1-plat)
 .debug_pubnames
                0x00001a06       0x62 contiki-z1.a(msp430.o)
 .debug_pubnames
                0x00001a68       0x75 contiki-z1.a(leds.o)
 .debug_pubnames
                0x00001add       0x8a contiki-z1.a(watchdog.o)
 .debug_pubnames
                0x00001b67       0x4e contiki-z1.a(xmem.o)
 .debug_pubnames
                0x00001bb5       0x2c contiki-z1.a(spi.o)
 .debug_pubnames
                0x00001be1      0x236 contiki-z1.a(cc2420.o)
 .debug_pubnames
                0x00001e17       0x27 contiki-z1.a(cc2420-arch.o)
 .debug_pubnames
                0x00001e3e       0x50 contiki-z1.a(node-id.o)
 .debug_pubnames
                0x00001e8e       0x80 contiki-z1.a(sensors.o)
 .debug_pubnames
                0x00001f0e       0x2f contiki-z1.a(button-sensor.o)
 .debug_pubnames
                0x00001f3d       0x6e contiki-z1.a(uart0.o)
 .debug_pubnames
                0x00001fab       0x80 contiki-z1.a(slip.o)
 .debug_pubnames
                0x0000202b       0x3a contiki-z1.a(slip_uart0.o)
 .debug_pubnames
                0x00002065      0x10b contiki-z1.a(adxl345.o)
 .debug_pubnames
                0x00002170       0xc5 contiki-z1.a(clock.o)
 .debug_pubnames
                0x00002235       0x49 contiki-z1.a(leds-arch.o)
 .debug_pubnames
                0x0000227e       0x60 contiki-z1.a(rtimer-arch.o)
 .debug_pubnames
                0x000022de       0x20 contiki-z1.a(rimestats.o)
 .debug_pubnames
                0x000022fe       0x2d contiki-z1.a(mac.o)
 .debug_pubnames
                0x0000232b       0x24 contiki-z1.a(framer-802154.o)
 .debug_pubnames
                0x0000234f       0x9c contiki-z1.a(rpl.o)
 .debug_pubnames
                0x000023eb       0x8c contiki-z1.a(rpl-ext-header.)
 .debug_pubnames
                0x00002477      0x137 contiki-z1.a(neighbor-attr.o)
 .debug_pubnames
                0x000025ae      0x13c contiki-z1.a(i2cmaster.o)
 .debug_pubnames
                0x000026ea       0x56 contiki-z1.a(frame802154.o)

.debug_info     0x00000000    0x19366
 *(.debug_info .gnu.linkonce.wi.* .zdebug_info)
 .debug_info    0x00000000     0x11b0 resource_directory.co
 .debug_info    0x000011b0      0x476 obj_z1/slip-bridge.o
 .debug_info    0x00001626      0x8b1 obj_z1/httpd-simple.o
 .debug_info    0x00001ed7      0x8e8 obj_z1/contiki-z1-main.o
 .debug_info    0x000027bf      0x1a1 contiki-z1.a(rimeaddr.o)
 .debug_info    0x00002960      0xb67 contiki-z1.a(csma.o)
 .debug_info    0x000034c7      0xfde contiki-z1.a(contikimac.o)
 .debug_info    0x000044a5      0x86a contiki-z1.a(phase.o)
 .debug_info    0x00004d0f     0x1840 contiki-z1.a(rpl-dag.o)
 .debug_info    0x0000654f     0x179c contiki-z1.a(rpl-icmp6.o)
 .debug_info    0x00007ceb      0x9de contiki-z1.a(rpl-timers.o)
 .debug_info    0x000086c9      0xb6a contiki-z1.a(rpl-of-etx.o)
 .debug_info    0x00009233      0x522 contiki-z1.a(process.o)
 .debug_info    0x00009755      0x1a5 contiki-z1.a(autostart.o)
 .debug_info    0x000098fa      0x194 contiki-z1.a(memb.o)
 .debug_info    0x00009a8e      0x165 contiki-z1.a(timer.o)
 .debug_info    0x00009bf3      0x3d4 contiki-z1.a(list.o)
 .debug_info    0x00009fc7      0x472 contiki-z1.a(etimer.o)
 .debug_info    0x0000a439      0x47f contiki-z1.a(ctimer.o)
 .debug_info    0x0000a8b8      0x240 contiki-z1.a(energest.o)
 .debug_info    0x0000aaf8      0x1fb contiki-z1.a(rtimer.o)
 .debug_info    0x0000acf3      0x176 contiki-z1.a(stimer.o)
 .debug_info    0x0000ae69       0x9c contiki-z1.a(random.o)
 .debug_info    0x0000af05      0x1ae contiki-z1.a(uip-debug.o)
 .debug_info    0x0000b0b3      0x5d4 contiki-z1.a(packetbuf.o)
 .debug_info    0x0000b687      0x6b6 contiki-z1.a(queuebuf.o)
 .debug_info    0x0000bd3d     0x101f contiki-z1.a(uip6.o)
 .debug_info    0x0000cd5c     0x110d contiki-z1.a(tcpip.o)
 .debug_info    0x0000de69      0x86f contiki-z1.a(psock.o)
 .debug_info    0x0000e6d8      0x57a contiki-z1.a(uip-icmp6.o)
 .debug_info    0x0000ec52      0x7b2 contiki-z1.a(uip-nd6.o)
 .debug_info    0x0000f404      0xf5e contiki-z1.a(sicslowpan.o)
 .debug_info    0x00010362      0x522 contiki-z1.a(neighbor-info.o)
 .debug_info    0x00010884     0x1112 contiki-z1.a(uip-ds6.o)
 .debug_info    0x00011996      0x15f contiki-z1.a(contiki-z1-plat)
 .debug_info    0x00011af5      0x263 contiki-z1.a(msp430.o)
 .debug_info    0x00011d58      0x270 contiki-z1.a(leds.o)
 .debug_info    0x00011fc8      0x19c contiki-z1.a(watchdog.o)
 .debug_info    0x00012164      0x4cb contiki-z1.a(xmem.o)
 .debug_info    0x0001262f      0x165 contiki-z1.a(spi.o)
 .debug_info    0x00012794     0x1496 contiki-z1.a(cc2420.o)
 .debug_info    0x00013c2a      0x167 contiki-z1.a(cc2420-arch.o)
 .debug_info    0x00013d91      0x101 contiki-z1.a(node-id.o)
 .debug_info    0x00013e92      0x400 contiki-z1.a(sensors.o)
 .debug_info    0x00014292      0x417 contiki-z1.a(button-sensor.o)
 .debug_info    0x000146a9      0x2ff contiki-z1.a(uart0.o)
 .debug_info    0x000149a8      0x515 contiki-z1.a(slip.o)
 .debug_info    0x00014ebd       0xaa contiki-z1.a(slip_uart0.o)
 .debug_info    0x00014f67      0x6a1 contiki-z1.a(adxl345.o)
 .debug_info    0x00015608      0x414 contiki-z1.a(clock.o)
 .debug_info    0x00015a1c       0xee contiki-z1.a(leds-arch.o)
 .debug_info    0x00015b0a      0x25d contiki-z1.a(rtimer-arch.o)
 .debug_info    0x00015d67      0x13c contiki-z1.a(rimestats.o)
 .debug_info    0x00015ea3      0x10c contiki-z1.a(mac.o)
 .debug_info    0x00015faf      0x642 contiki-z1.a(framer-802154.o)
 .debug_info    0x000165f1      0xcaa contiki-z1.a(rpl.o)
 .debug_info    0x0001729b      0xbb8 contiki-z1.a(rpl-ext-header.)
 .debug_info    0x00017e53      0x796 contiki-z1.a(neighbor-attr.o)
 .debug_info    0x000185e9      0x3ce contiki-z1.a(i2cmaster.o)
 .debug_info    0x000189b7      0x476 contiki-z1.a(frame802154.o)
 .debug_info    0x00018e2d       0xbf /opt/msp430-gcc-4.4.5/lib/gcc/msp430/4.4.5/msp3/libgcc.a(_mulsi3hw.o)
 .debug_info    0x00018eec       0xbf /opt/msp430-gcc-4.4.5/lib/gcc/msp430/4.4.5/msp3/libgcc.a(_udivmodhi4.o)
 .debug_info    0x00018fab       0xbf /opt/msp430-gcc-4.4.5/lib/gcc/msp430/4.4.5/msp3/libgcc.a(_udivmodsi4.o)
 .debug_info    0x0001906a       0xbf /opt/msp430-gcc-4.4.5/lib/gcc/msp430/4.4.5/msp3/libgcc.a(__init_stack.o)
 .debug_info    0x00019129       0xbf /opt/msp430-gcc-4.4.5/lib/gcc/msp430/4.4.5/msp3/libgcc.a(_copy_data.o)
 .debug_info    0x000191e8       0xbf /opt/msp430-gcc-4.4.5/lib/gcc/msp430/4.4.5/msp3/libgcc.a(_clear_bss.o)
 .debug_info    0x000192a7       0xbf /opt/msp430-gcc-4.4.5/lib/gcc/msp430/4.4.5/msp3/libgcc.a(__jump_to_main.o)

.debug_abbrev   0x00000000     0x765a
 *(.debug_abbrev .zdebug_abbrev)
 .debug_abbrev  0x00000000      0x2a8 resource_directory.co
 .debug_abbrev  0x000002a8      0x224 obj_z1/slip-bridge.o
 .debug_abbrev  0x000004cc      0x258 obj_z1/httpd-simple.o
 .debug_abbrev  0x00000724      0x2af obj_z1/contiki-z1-main.o
 .debug_abbrev  0x000009d3      0x162 contiki-z1.a(rimeaddr.o)
 .debug_abbrev  0x00000b35      0x37a contiki-z1.a(csma.o)
 .debug_abbrev  0x00000eaf      0x3c7 contiki-z1.a(contikimac.o)
 .debug_abbrev  0x00001276      0x241 contiki-z1.a(phase.o)
 .debug_abbrev  0x000014b7      0x402 contiki-z1.a(rpl-dag.o)
 .debug_abbrev  0x000018b9      0x347 contiki-z1.a(rpl-icmp6.o)
 .debug_abbrev  0x00001c00      0x1e4 contiki-z1.a(rpl-timers.o)
 .debug_abbrev  0x00001de4      0x284 contiki-z1.a(rpl-of-etx.o)
 .debug_abbrev  0x00002068      0x2f7 contiki-z1.a(process.o)
 .debug_abbrev  0x0000235f       0xf3 contiki-z1.a(autostart.o)
 .debug_abbrev  0x00002452       0xd1 contiki-z1.a(memb.o)
 .debug_abbrev  0x00002523       0xf4 contiki-z1.a(timer.o)
 .debug_abbrev  0x00002617      0x204 contiki-z1.a(list.o)
 .debug_abbrev  0x0000281b      0x239 contiki-z1.a(etimer.o)
 .debug_abbrev  0x00002a54      0x1f6 contiki-z1.a(ctimer.o)
 .debug_abbrev  0x00002c4a      0x158 contiki-z1.a(energest.o)
 .debug_abbrev  0x00002da2      0x135 contiki-z1.a(rtimer.o)
 .debug_abbrev  0x00002ed7       0xda contiki-z1.a(stimer.o)
 .debug_abbrev  0x00002fb1       0x65 contiki-z1.a(random.o)
 .debug_abbrev  0x00003016       0xd1 contiki-z1.a(uip-debug.o)
 .debug_abbrev  0x000030e7      0x277 contiki-z1.a(packetbuf.o)
 .debug_abbrev  0x0000335e      0x237 contiki-z1.a(queuebuf.o)
 .debug_abbrev  0x00003595      0x35d contiki-z1.a(uip6.o)
 .debug_abbrev  0x000038f2      0x400 contiki-z1.a(tcpip.o)
 .debug_abbrev  0x00003cf2      0x2d5 contiki-z1.a(psock.o)
 .debug_abbrev  0x00003fc7      0x156 contiki-z1.a(uip-icmp6.o)
 .debug_abbrev  0x0000411d      0x1e5 contiki-z1.a(uip-nd6.o)
 .debug_abbrev  0x00004302      0x360 contiki-z1.a(sicslowpan.o)
 .debug_abbrev  0x00004662      0x292 contiki-z1.a(neighbor-info.o)
 .debug_abbrev  0x000048f4      0x339 contiki-z1.a(uip-ds6.o)
 .debug_abbrev  0x00004c2d       0xd1 contiki-z1.a(contiki-z1-plat)
 .debug_abbrev  0x00004cfe      0x14c contiki-z1.a(msp430.o)
 .debug_abbrev  0x00004e4a      0x13e contiki-z1.a(leds.o)
 .debug_abbrev  0x00004f88       0xed contiki-z1.a(watchdog.o)
 .debug_abbrev  0x00005075      0x1ee contiki-z1.a(xmem.o)
 .debug_abbrev  0x00005263       0x97 contiki-z1.a(spi.o)
 .debug_abbrev  0x000052fa      0x49d contiki-z1.a(cc2420.o)
 .debug_abbrev  0x00005797       0xec contiki-z1.a(cc2420-arch.o)
 .debug_abbrev  0x00005883       0x8b contiki-z1.a(node-id.o)
 .debug_abbrev  0x0000590e      0x225 contiki-z1.a(sensors.o)
 .debug_abbrev  0x00005b33      0x1ea contiki-z1.a(button-sensor.o)
 .debug_abbrev  0x00005d1d      0x18c contiki-z1.a(uart0.o)
 .debug_abbrev  0x00005ea9      0x2ce contiki-z1.a(slip.o)
 .debug_abbrev  0x00006177       0x65 contiki-z1.a(slip_uart0.o)
 .debug_abbrev  0x000061dc      0x2a7 contiki-z1.a(adxl345.o)
 .debug_abbrev  0x00006483      0x222 contiki-z1.a(clock.o)
 .debug_abbrev  0x000066a5       0xa8 contiki-z1.a(leds-arch.o)
 .debug_abbrev  0x0000674d      0x184 contiki-z1.a(rtimer-arch.o)
 .debug_abbrev  0x000068d1       0x5b contiki-z1.a(rimestats.o)
 .debug_abbrev  0x0000692c       0xa0 contiki-z1.a(mac.o)
 .debug_abbrev  0x000069cc      0x227 contiki-z1.a(framer-802154.o)
 .debug_abbrev  0x00006bf3      0x227 contiki-z1.a(rpl.o)
 .debug_abbrev  0x00006e1a      0x23b contiki-z1.a(rpl-ext-header.)
 .debug_abbrev  0x00007055      0x271 contiki-z1.a(neighbor-attr.o)
 .debug_abbrev  0x000072c6      0x169 contiki-z1.a(i2cmaster.o)
 .debug_abbrev  0x0000742f      0x19f contiki-z1.a(frame802154.o)
 .debug_abbrev  0x000075ce       0x14 /opt/msp430-gcc-4.4.5/lib/gcc/msp430/4.4.5/msp3/libgcc.a(_mulsi3hw.o)
 .debug_abbrev  0x000075e2       0x14 /opt/msp430-gcc-4.4.5/lib/gcc/msp430/4.4.5/msp3/libgcc.a(_udivmodhi4.o)
 .debug_abbrev  0x000075f6       0x14 /opt/msp430-gcc-4.4.5/lib/gcc/msp430/4.4.5/msp3/libgcc.a(_udivmodsi4.o)
 .debug_abbrev  0x0000760a       0x14 /opt/msp430-gcc-4.4.5/lib/gcc/msp430/4.4.5/msp3/libgcc.a(__init_stack.o)
 .debug_abbrev  0x0000761e       0x14 /opt/msp430-gcc-4.4.5/lib/gcc/msp430/4.4.5/msp3/libgcc.a(_copy_data.o)
 .debug_abbrev  0x00007632       0x14 /opt/msp430-gcc-4.4.5/lib/gcc/msp430/4.4.5/msp3/libgcc.a(_clear_bss.o)
 .debug_abbrev  0x00007646       0x14 /opt/msp430-gcc-4.4.5/lib/gcc/msp430/4.4.5/msp3/libgcc.a(__jump_to_main.o)

.debug_line     0x00000000     0x8545
 *(.debug_line .zdebug_line)
 .debug_line    0x00000000      0x365 resource_directory.co
 .debug_line    0x00000365      0x1e5 obj_z1/slip-bridge.o
 .debug_line    0x0000054a      0x278 obj_z1/httpd-simple.o
 .debug_line    0x000007c2      0x315 obj_z1/contiki-z1-main.o
 .debug_line    0x00000ad7      0x117 contiki-z1.a(rimeaddr.o)
 .debug_line    0x00000bee      0x34b contiki-z1.a(csma.o)
 .debug_line    0x00000f39      0x4b8 contiki-z1.a(contikimac.o)
 .debug_line    0x000013f1      0x2e3 contiki-z1.a(phase.o)
 .debug_line    0x000016d4      0x654 contiki-z1.a(rpl-dag.o)
 .debug_line    0x00001d28      0x43a contiki-z1.a(rpl-icmp6.o)
 .debug_line    0x00002162      0x2aa contiki-z1.a(rpl-timers.o)
 .debug_line    0x0000240c      0x2cd contiki-z1.a(rpl-of-etx.o)
 .debug_line    0x000026d9      0x1b2 contiki-z1.a(process.o)
 .debug_line    0x0000288b       0xb5 contiki-z1.a(autostart.o)
 .debug_line    0x00002940       0xc9 contiki-z1.a(memb.o)
 .debug_line    0x00002a09      0x100 contiki-z1.a(timer.o)
 .debug_line    0x00002b09      0x183 contiki-z1.a(list.o)
 .debug_line    0x00002c8c      0x1fe contiki-z1.a(etimer.o)
 .debug_line    0x00002e8a      0x1c5 contiki-z1.a(ctimer.o)
 .debug_line    0x0000304f       0xe3 contiki-z1.a(energest.o)
 .debug_line    0x00003132       0xbd contiki-z1.a(rtimer.o)
 .debug_line    0x000031ef       0xda contiki-z1.a(stimer.o)
 .debug_line    0x000032c9       0x67 contiki-z1.a(random.o)
 .debug_line    0x00003330       0xff contiki-z1.a(uip-debug.o)
 .debug_line    0x0000342f      0x2b5 contiki-z1.a(packetbuf.o)
 .debug_line    0x000036e4      0x243 contiki-z1.a(queuebuf.o)
 .debug_line    0x00003927      0x585 contiki-z1.a(uip6.o)
 .debug_line    0x00003eac      0x39f contiki-z1.a(tcpip.o)
 .debug_line    0x0000424b      0x284 contiki-z1.a(psock.o)
 .debug_line    0x000044cf      0x1aa contiki-z1.a(uip-icmp6.o)
 .debug_line    0x00004679      0x252 contiki-z1.a(uip-nd6.o)
 .debug_line    0x000048cb      0x4ab contiki-z1.a(sicslowpan.o)
 .debug_line    0x00004d76      0x1f4 contiki-z1.a(neighbor-info.o)
 .debug_line    0x00004f6a      0x507 contiki-z1.a(uip-ds6.o)
 .debug_line    0x00005471       0xdf contiki-z1.a(contiki-z1-plat)
 .debug_line    0x00005550      0x19c contiki-z1.a(msp430.o)
 .debug_line    0x000056ec      0x11d contiki-z1.a(leds.o)
 .debug_line    0x00005809      0x143 contiki-z1.a(watchdog.o)
 .debug_line    0x0000594c      0x1a4 contiki-z1.a(xmem.o)
 .debug_line    0x00005af0       0xec contiki-z1.a(spi.o)
 .debug_line    0x00005bdc      0x5df contiki-z1.a(cc2420.o)
 .debug_line    0x000061bb      0x17c contiki-z1.a(cc2420-arch.o)
 .debug_line    0x00006337       0x7a contiki-z1.a(node-id.o)
 .debug_line    0x000063b1      0x147 contiki-z1.a(sensors.o)
 .debug_line    0x000064f8      0x1bf contiki-z1.a(button-sensor.o)
 .debug_line    0x000066b7      0x1a3 contiki-z1.a(uart0.o)
 .debug_line    0x0000685a      0x1e6 contiki-z1.a(slip.o)
 .debug_line    0x00006a40       0x70 contiki-z1.a(slip_uart0.o)
 .debug_line    0x00006ab0      0x2a0 contiki-z1.a(adxl345.o)
 .debug_line    0x00006d50      0x25d contiki-z1.a(clock.o)
 .debug_line    0x00006fad       0xdb contiki-z1.a(leds-arch.o)
 .debug_line    0x00007088      0x141 contiki-z1.a(rtimer-arch.o)
 .debug_line    0x000071c9       0x87 contiki-z1.a(rimestats.o)
 .debug_line    0x00007250       0x8b contiki-z1.a(mac.o)
 .debug_line    0x000072db      0x1d4 contiki-z1.a(framer-802154.o)
 .debug_line    0x000074af      0x2e1 contiki-z1.a(rpl.o)
 .debug_line    0x00007790      0x298 contiki-z1.a(rpl-ext-header.)
 .debug_line    0x00007a28      0x30f contiki-z1.a(neighbor-attr.o)
 .debug_line    0x00007d37      0x230 contiki-z1.a(i2cmaster.o)
 .debug_line    0x00007f67      0x1d8 contiki-z1.a(frame802154.o)
 .debug_line    0x0000813f       0x95 /opt/msp430-gcc-4.4.5/lib/gcc/msp430/4.4.5/msp3/libgcc.a(_mulsi3hw.o)
 .debug_line    0x000081d4       0x98 /opt/msp430-gcc-4.4.5/lib/gcc/msp430/4.4.5/msp3/libgcc.a(_udivmodhi4.o)
 .debug_line    0x0000826c       0x9f /opt/msp430-gcc-4.4.5/lib/gcc/msp430/4.4.5/msp3/libgcc.a(_udivmodsi4.o)
 .debug_line    0x0000830b       0x8c /opt/msp430-gcc-4.4.5/lib/gcc/msp430/4.4.5/msp3/libgcc.a(__init_stack.o)
 .debug_line    0x00008397       0x91 /opt/msp430-gcc-4.4.5/lib/gcc/msp430/4.4.5/msp3/libgcc.a(_copy_data.o)
 .debug_line    0x00008428       0x91 /opt/msp430-gcc-4.4.5/lib/gcc/msp430/4.4.5/msp3/libgcc.a(_clear_bss.o)
 .debug_line    0x000084b9       0x8c /opt/msp430-gcc-4.4.5/lib/gcc/msp430/4.4.5/msp3/libgcc.a(__jump_to_main.o)

.debug_frame    0x00000000     0x2c74
 *(.debug_frame .zdebug_frame)
 .debug_frame   0x00000000       0xb0 resource_directory.co
 .debug_frame   0x000000b0       0x8a obj_z1/slip-bridge.o
 .debug_frame   0x0000013a       0x6e obj_z1/httpd-simple.o
 .debug_frame   0x000001a8       0xca obj_z1/contiki-z1-main.o
 .debug_frame   0x00000272       0x44 contiki-z1.a(rimeaddr.o)
 .debug_frame   0x000002b6      0x10a contiki-z1.a(csma.o)
 .debug_frame   0x000003c0      0x192 contiki-z1.a(contikimac.o)
 .debug_frame   0x00000552       0xd6 contiki-z1.a(phase.o)
 .debug_frame   0x00000628      0x38e contiki-z1.a(rpl-dag.o)
 .debug_frame   0x000009b6       0xd8 contiki-z1.a(rpl-icmp6.o)
 .debug_frame   0x00000a8e      0x13a contiki-z1.a(rpl-timers.o)
 .debug_frame   0x00000bc8       0x74 contiki-z1.a(rpl-of-etx.o)
 .debug_frame   0x00000c3c       0xe0 contiki-z1.a(process.o)
 .debug_frame   0x00000d1c       0x38 contiki-z1.a(autostart.o)
 .debug_frame   0x00000d54       0x62 contiki-z1.a(memb.o)
 .debug_frame   0x00000db6       0x74 contiki-z1.a(timer.o)
 .debug_frame   0x00000e2a       0xa4 contiki-z1.a(list.o)
 .debug_frame   0x00000ece      0x10a contiki-z1.a(etimer.o)
 .debug_frame   0x00000fd8       0xaa contiki-z1.a(ctimer.o)
 .debug_frame   0x00001082       0x6e contiki-z1.a(energest.o)
 .debug_frame   0x000010f0       0x38 contiki-z1.a(rtimer.o)
 .debug_frame   0x00001128       0x86 contiki-z1.a(stimer.o)
 .debug_frame   0x000011ae       0x2c contiki-z1.a(random.o)
 .debug_frame   0x000011da       0x7a contiki-z1.a(uip-debug.o)
 .debug_frame   0x00001254      0x152 contiki-z1.a(packetbuf.o)
 .debug_frame   0x000013a6       0xbc contiki-z1.a(queuebuf.o)
 .debug_frame   0x00001462      0x1a0 contiki-z1.a(uip6.o)
 .debug_frame   0x00001602      0x148 contiki-z1.a(tcpip.o)
 .debug_frame   0x0000174a       0x80 contiki-z1.a(psock.o)
 .debug_frame   0x000017ca       0x80 contiki-z1.a(uip-icmp6.o)
 .debug_frame   0x0000184a       0x92 contiki-z1.a(uip-nd6.o)
 .debug_frame   0x000018dc      0x10e contiki-z1.a(sicslowpan.o)
 .debug_frame   0x000019ea       0x6a contiki-z1.a(neighbor-info.o)
 .debug_frame   0x00001a54      0x444 contiki-z1.a(uip-ds6.o)